50.64.21.109 - - [14/Jun/2024:21:00:08 +0000] "GET /static/js/app.js HTTP/1.1" 500 48641 "-" "python-requests/2.28.0"
134.214.243.147 - - [14/Jun/2024:09:27:28 +0000] "GET /logout HTTP/1.1" 304 16889 "-" "curl/7.68.0"
100.94.189.227 - - [14/Jun/2024:10:45:12 +0000] "GET /logout HTTP/1.1" 301 13611 "-" "python-requests/2.28.0"
76.245.102.25 - - [14/Jun/2024:00:35:51 +0000] "GET / HTTP/1.1" 200 47252 "-" "Mozilla/5.0 (Windows NT 10.0; Win64; x64) AppleWebKit/537.36"
21.242.59.79 - - [14/Jun/2024:05:48:12 +0000] "POST /profile HTTP/1.1" 304 31632 "-" "python-requests/2.28.0"
85.121.25.191 - - [14/Jun/2024:06:39:56 +0000] "DELETE /login HTTP/1.1" 200 8016 "-" "curl/7.68.0"
45.33.32.156 - - [14/Jun/2024:03:13:00 +0000] "GET /manager/html HTTP/1.1" 404 460 "-" "Nikto/2.1.6"
147.242.19.45 - - [14/Jun/2024:10:03:46 +0000] "POST /favicon.ico HTTP/1.1" 404 21194 "-" "curl/7.68.0"
142.166.141.134 - - [14/Jun/2024:00:07:43 +0000] "GET / HTTP/1.1" 301 32612 "-" "python-requests/2.28.0"
85.121.25.191 - - [14/Jun/2024:16:52:42 +0000] "DELETE /login HTTP/1.1" 200 47359 "-" "Mozilla/5.0 (Windows NT 10.0; Win64; x64) AppleWebKit/537.36"
37.205.19.102 - - [14/Jun/2024:16:54:04 +0000] "POST /profile HTTP/1.1" 304 40581 "-" "Mozilla/5.0 (Windows NT 10.0; Win64; x64) AppleWebKit/537.36"
68.115.137.145 - - [14/Jun/2024:15:11:40 +0000] "PUT /about HTTP/1.1" 301 20472 "-" "curl/7.68.0"
106.116.31.216 - - [14/Jun/2024:02:59:40 +0000] "POST /index.html HTTP/1.1" 301 18586 "-" "python-requests/2.28.0"
37.205.19.102 - - [14/Jun/2024:14:22:53 +0000] "GET /index.html HTTP/1.1" 200 8854 "-" "Mozilla/5.0 (Windows NT 10.0; Win64; x64) AppleWebKit/537.36"
115.88.85.249 - - [14/Jun/2024:10:34:46 +0000] "GET /static/js/app.js HTTP/1.1" 304 23587 "-" "Mozilla/5.0 (Windows NT 10.0; Win64; x64) AppleWebKit/537.36"
134.214.243.147 - - [14/Jun/2024:03:20:51 +0000] "GET /profile HTTP/1.1" 200 43472 "-" "curl/7.68.0"
78.159.143.216 - - [14/Jun/2024:09:52:33 +0000] "POST /images/logo.png HTTP/1.1" 500 23800 "-" "python-requests/2.28.0"
211.75.132.82 - - [14/Jun/2024:21:22:03 +0000] "GET /api/v1/users HTTP/1.1" 200 16951 "-" "Mozilla/5.0 (Windows NT 10.0; Win64; x64) AppleWebKit/537.36"
78.159.143.216 - - [14/Jun/2024:06:59:51 +0000] "GET /admin/dashboard HTTP/1.1" 301 826 "-" "Mozilla/5.0 (Windows NT 10.0; Win64; x64) AppleWebKit/537.36"
76.245.102.25 - - [14/Jun/2024:22:17:03 +0000] "GET /static/css/main.css HTTP/1.1" 404 41220 "-" "Mozilla/5.0 (Windows NT 10.0; Win64; x64) AppleWebKit/537.36"
185.220.101.45 - - [14/Jun/2024:02:03:18 +0000] "GET /contact HTTP/1.1" 200 42472 "-" "curl/7.68.0"
211.75.132.82 - - [14/Jun/2024:12:43:49 +0000] "DELETE /contact HTTP/1.1" 200 41983 "-" "Mozilla/5.0 (Macintosh; Intel Mac OS X 10_15_7) Safari/537.36"
185.220.101.45 - - [14/Jun/2024:14:31:19 +0000] "GET /contact HTTP/1.1" 500 26143 "-" "Mozilla/5.0 (Windows NT 10.0; Win64; x64) AppleWebKit/537.36"
85.121.25.191 - - [14/Jun/2024:00:18:30 +0000] "GET / HTTP/1.1" 301 6402 "-" "Mozilla/5.0 (Windows NT 10.0; Win64; x64) AppleWebKit/537.36"
121.250.135.24 - - [14/Jun/2024:17:34:53 +0000] "GET /contact HTTP/1.1" 200 39698 "-" "python-requests/2.28.0"
185.220.101.45 - - [14/Jun/2024:06:53:39 +0000] "POST /favicon.ico HTTP/1.1" 404 30631 "-" "curl/7.68.0"
76.245.102.25 - - [14/Jun/2024:10:42:39 +0000] "GET /profile HTTP/1.1" 304 3481 "-" "Mozilla/5.0 (Windows NT 10.0; Win64; x64) AppleWebKit/537.36"
106.116.31.216 - - [14/Jun/2024:17:14:44 +0000] "GET /logout HTTP/1.1" 200 5585 "-" "curl/7.68.0"
134.214.243.147 - - [14/Jun/2024:05:11:00 +0000] "PUT /about HTTP/1.1" 500 16066 "-" "python-requests/2.28.0"
207.34.44.100 - - [14/Jun/2024:00:52:28 +0000] "DELETE /profile HTTP/1.1" 200 16410 "-" "Mozilla/5.0 (Macintosh; Intel Mac OS X 10_15_7) Safari/537.36"
68.115.137.145 - - [14/Jun/2024:05:07:03 +0000] "GET /static/css/main.css HTTP/1.1" 404 32784 "-" "Mozilla/5.0 (Windows NT 10.0; Win64; x64) AppleWebKit/537.36"
91.240.118.172 - - [14/Jun/2024:21:34:24 +0000] "DELETE /index.html HTTP/1.1" 500 19982 "-" "Mozilla/5.0 (Windows NT 10.0; Win64; x64) AppleWebKit/537.36"
115.88.85.249 - - [14/Jun/2024:04:52:28 +0000] "PUT /logout HTTP/1.1" 200 26003 "-" "curl/7.68.0"
183.17.75.31 - - [14/Jun/2024:14:12:46 +0000] "DELETE /static/js/app.js HTTP/1.1" 404 23609 "-" "python-requests/2.28.0"
134.214.243.147 - - [14/Jun/2024:11:40:39 +0000] "PUT /static/js/app.js HTTP/1.1" 200 19976 "-" "Mozilla/5.0 (Macintosh; Intel Mac OS X 10_15_7) Safari/537.36"
121.250.135.24 - - [14/Jun/2024:08:51:10 +0000] "GET / HTTP/1.1" 200 20425 "-" "python-requests/2.28.0"
179.50.116.35 - - [14/Jun/2024:14:18:28 +0000] "GET /products HTTP/1.1" 200 49588 "-" "Mozilla/5.0 (Macintosh; Intel Mac OS X 10_15_7) Safari/537.36"
76.245.102.25 - - [14/Jun/2024:04:30:28 +0000] "DELETE /index.html HTTP/1.1" 301 19527 "-" "Mozilla/5.0 (Windows NT 10.0; Win64; x64) AppleWebKit/537.36"
48.228.22.68 - - [14/Jun/2024:10:07:08 +0000] "GET /index.html HTTP/1.1" 304 29193 "-" "Mozilla/5.0 (Windows NT 10.0; Win64; x64) AppleWebKit/537.36"
37.205.19.102 - - [14/Jun/2024:17:16:33 +0000] "GET /static/js/app.js HTTP/1.1" 200 31555 "-" "Mozilla/5.0 (Macintosh; Intel Mac OS X 10_15_7) Safari/537.36"
45.33.32.156 - - [14/Jun/2024:03:12:24 +0000] "GET /manager/html HTTP/1.1" 403 1785 "-" "Nikto/2.1.6"
122.153.40.102 - - [14/Jun/2024:13:08:45 +0000] "GET /favicon.ico HTTP/1.1" 500 28025 "-" "curl/7.68.0"
145.51.146.223 - - [14/Jun/2024:17:18:08 +0000] "GET /admin/dashboard HTTP/1.1" 200 1381 "-" "Mozilla/5.0 (Windows NT 10.0; Win64; x64) AppleWebKit/537.36"
121.250.135.24 - - [14/Jun/2024:19:32:08 +0000] "DELETE /static/css/main.css HTTP/1.1" 200 4720 "-" "Mozilla/5.0 (Windows NT 10.0; Win64; x64) AppleWebKit/537.36"
207.34.44.100 - - [14/Jun/2024:13:42:42 +0000] "DELETE /logout HTTP/1.1" 200 16741 "-" "Mozilla/5.0 (Macintosh; Intel Mac OS X 10_15_7) Safari/537.36"
211.75.132.82 - - [14/Jun/2024:07:25:12 +0000] "PUT /images/logo.png HTTP/1.1" 200 35966 "-" "python-requests/2.28.0"
45.33.32.156 - - [14/Jun/2024:03:07:17 +0000] "POST /about HTTP/1.1" 500 21184 "-" "python-requests/2.28.0"
4.214.57.107 - - [14/Jun/2024:08:35:28 +0000] "POST /api/v1/users HTTP/1.1" 200 10968 "-" "curl/7.68.0"
4.214.57.107 - - [14/Jun/2024:13:55:57 +0000] "GET /static/js/app.js HTTP/1.1" 404 15068 "-" "curl/7.68.0"
89.210.135.99 - - [14/Jun/2024:03:38:10 +0000] "GET /images/logo.png HTTP/1.1" 200 36394 "-" "python-requests/2.28.0"
198.98.54.31 - - [14/Jun/2024:09:05:16 +0000] "DELETE /images/logo.png HTTP/1.1" 500 42544 "-" "Mozilla/5.0 (Macintosh; Intel Mac OS X 10_15_7) Safari/537.36"
45.33.32.156 - - [14/Jun/2024:03:12:16 +0000] "GET /shell.php HTTP/1.1" 403 1843 "-" "Nikto/2.1.6"
183.17.75.31 - - [14/Jun/2024:07:24:58 +0000] "PUT /images/logo.png HTTP/1.1" 304 31619 "-" "Mozilla/5.0 (Macintosh; Intel Mac OS X 10_15_7) Safari/537.36"
207.34.44.100 - - [14/Jun/2024:07:40:37 +0000] "DELETE /admin/dashboard HTTP/1.1" 200 3560 "-" "curl/7.68.0"
89.210.135.99 - - [14/Jun/2024:20:36:42 +0000] "DELETE / HTTP/1.1" 304 13149 "-" "curl/7.68.0"
147.242.19.45 - - [14/Jun/2024:17:44:51 +0000] "GET /static/css/main.css HTTP/1.1" 404 32148 "-" "python-requests/2.28.0"
89.210.135.99 - - [14/Jun/2024:21:16:28 +0000] "POST /images/logo.png HTTP/1.1" 404 48756 "-" "Mozilla/5.0 (Macintosh; Intel Mac OS X 10_15_7) Safari/537.36"
78.159.143.216 - - [14/Jun/2024:23:37:25 +0000] "GET /index.html HTTP/1.1" 200 45624 "-" "Mozilla/5.0 (Windows NT 10.0; Win64; x64) AppleWebKit/537.36"
69.190.10.87 - - [14/Jun/2024:15:01:19 +0000] "GET /api/v1/products HTTP/1.1" 200 4818 "-" "python-requests/2.28.0"
122.153.40.102 - - [14/Jun/2024:23:26:28 +0000] "GET /login HTTP/1.1" 404 39529 "-" "python-requests/2.28.0"
68.115.137.145 - - [14/Jun/2024:16:13:34 +0000] "DELETE /static/css/main.css HTTP/1.1" 304 15979 "-" "Mozilla/5.0 (Windows NT 10.0; Win64; x64) AppleWebKit/537.36"
211.75.132.82 - - [14/Jun/2024:03:16:58 +0000] "GET /favicon.ico HTTP/1.1" 500 36642 "-" "curl/7.68.0"
68.115.137.145 - - [14/Jun/2024:04:19:04 +0000] "GET /admin/dashboard HTTP/1.1" 404 9329 "-" "Mozilla/5.0 (Macintosh; Intel Mac OS X 10_15_7) Safari/537.36"
115.88.85.249 - - [14/Jun/2024:22:56:35 +0000] "DELETE /about HTTP/1.1" 200 26257 "-" "Mozilla/5.0 (Macintosh; Intel Mac OS X 10_15_7) Safari/537.36"
185.220.101.45 - - [14/Jun/2024:16:52:35 +0000] "GET /static/js/app.js HTTP/1.1" 404 46768 "-" "Mozilla/5.0 (Macintosh; Intel Mac OS X 10_15_7) Safari/537.36"
100.94.189.227 - - [14/Jun/2024:07:21:15 +0000] "GET /about HTTP/1.1" 200 16934 "-" "curl/7.68.0"
23.129.64.214 - - [14/Jun/2024:17:43:02 +0000] "GET /logout HTTP/1.1" 500 37213 "-" "Mozilla/5.0 (Windows NT 10.0; Win64; x64) AppleWebKit/537.36"
198.98.54.31 - - [14/Jun/2024:19:20:55 +0000] "GET /index.html HTTP/1.1" 301 43213 "-" "Mozilla/5.0 (Macintosh; Intel Mac OS X 10_15_7) Safari/537.36"
68.115.137.145 - - [14/Jun/2024:13:46:32 +0000] "GET /index.html HTTP/1.1" 301 40981 "-" "Mozilla/5.0 (Macintosh; Intel Mac OS X 10_15_7) Safari/537.36"
85.121.25.191 - - [14/Jun/2024:11:30:46 +0000] "DELETE /images/logo.png HTTP/1.1" 200 17790 "-" "curl/7.68.0"
48.228.22.68 - - [14/Jun/2024:03:47:01 +0000] "PUT /admin/dashboard HTTP/1.1" 404 48586 "-" "python-requests/2.28.0"
115.88.85.249 - - [14/Jun/2024:23:11:18 +0000] "PUT /login HTTP/1.1" 200 45906 "-" "python-requests/2.28.0"
183.17.75.31 - - [14/Jun/2024:09:25:01 +0000] "POST /login HTTP/1.1" 404 26505 "-" "python-requests/2.28.0"
85.121.25.191 - - [14/Jun/2024:06:21:40 +0000] "PUT / HTTP/1.1" 500 4172 "-" "curl/7.68.0"
45.33.32.156 - - [14/Jun/2024:03:13:18 +0000] "GET /config.php HTTP/1.1" 404 488 "-" "Nikto/2.1.6"
185.220.101.45 - - [14/Jun/2024:02:18:22 +0000] "PUT /admin/dashboard HTTP/1.1" 301 12443 "-" "python-requests/2.28.0"
193.32.162.55 - - [14/Jun/2024:05:32:32 +0000] "GET /search?q=' OR 1=1-- HTTP/1.1" 500 2406 "-" "sqlmap/1.7"
89.210.135.99 - - [14/Jun/2024:07:41:21 +0000] "GET /static/css/main.css HTTP/1.1" 304 11074 "-" "Mozilla/5.0 (Windows NT 10.0; Win64; x64) AppleWebKit/537.36"
145.51.146.223 - - [14/Jun/2024:21:13:38 +0000] "PUT /admin/dashboard HTTP/1.1" 200 22489 "-" "Mozilla/5.0 (Macintosh; Intel Mac OS X 10_15_7) Safari/537.36"
45.33.32.156 - - [14/Jun/2024:18:17:00 +0000] "DELETE /contact HTTP/1.1" 500 40241 "-" "Mozilla/5.0 (Macintosh; Intel Mac OS X 10_15_7) Safari/537.36"
207.34.44.100 - - [14/Jun/2024:14:42:27 +0000] "GET /products HTTP/1.1" 200 26681 "-" "Mozilla/5.0 (Windows NT 10.0; Win64; x64) AppleWebKit/537.36"
179.50.116.35 - - [14/Jun/2024:17:08:46 +0000] "GET /static/css/main.css HTTP/1.1" 404 39205 "-" "Mozilla/5.0 (Windows NT 10.0; Win64; x64) AppleWebKit/537.36"
89.210.135.99 - - [14/Jun/2024:14:49:28 +0000] "POST /images/logo.png HTTP/1.1" 304 24504 "-" "Mozilla/5.0 (Windows NT 10.0; Win64; x64) AppleWebKit/537.36"
21.242.59.79 - - [14/Jun/2024:08:39:42 +0000] "GET /api/v1/users HTTP/1.1" 304 8288 "-" "python-requests/2.28.0"
185.220.101.45 - - [14/Jun/2024:17:16:45 +0000] "GET /logout HTTP/1.1" 500 28490 "-" "Mozilla/5.0 (Windows NT 10.0; Win64; x64) AppleWebKit/537.36"
207.34.44.100 - - [14/Jun/2024:22:24:44 +0000] "POST /contact HTTP/1.1" 200 44663 "-" "curl/7.68.0"
115.88.85.249 - - [14/Jun/2024:17:25:37 +0000] "GET /products HTTP/1.1" 500 22846 "-" "Mozilla/5.0 (Macintosh; Intel Mac OS X 10_15_7) Safari/537.36"
69.190.10.87 - - [14/Jun/2024:02:27:35 +0000] "GET /api/v1/products HTTP/1.1" 301 37556 "-" "curl/7.68.0"
50.64.21.109 - - [14/Jun/2024:05:22:01 +0000] "GET /static/css/main.css HTTP/1.1" 200 19075 "-" "curl/7.68.0"
76.245.102.25 - - [14/Jun/2024:16:37:07 +0000] "GET /favicon.ico HTTP/1.1" 200 17955 "-" "curl/7.68.0"
142.166.141.134 - - [14/Jun/2024:00:40:53 +0000] "GET /images/logo.png HTTP/1.1" 304 15649 "-" "curl/7.68.0"
193.32.162.55 - - [14/Jun/2024:05:33:04 +0000] "GET /item?id=1 UNION SELECT null,table_name FROM information_schema.tables-- HTTP/1.1" 500 1358 "-" "sqlmap/1.7"
91.240.118.172 - - [14/Jun/2024:06:58:21 +0000] "PUT /static/js/app.js HTTP/1.1" 200 47042 "-" "Mozilla/5.0 (Macintosh; Intel Mac OS X 10_15_7) Safari/537.36"
37.205.19.102 - - [14/Jun/2024:12:19:19 +0000] "PUT /static/css/main.css HTTP/1.1" 404 44863 "-" "Mozilla/5.0 (Windows NT 10.0; Win64; x64) AppleWebKit/537.36"
207.34.44.100 - - [14/Jun/2024:09:35:13 +0000] "PUT /static/css/main.css HTTP/1.1" 200 24684 "-" "python-requests/2.28.0"
78.159.143.216 - - [14/Jun/2024:21:29:33 +0000] "DELETE /profile HTTP/1.1" 200 29798 "-" "Mozilla/5.0 (Windows NT 10.0; Win64; x64) AppleWebKit/537.36"
179.50.116.35 - - [14/Jun/2024:23:32:10 +0000] "GET /static/css/main.css HTTP/1.1" 301 280 "-" "Mozilla/5.0 (Windows NT 10.0; Win64; x64) AppleWebKit/537.36"
45.33.32.156 - - [14/Jun/2024:03:12:50 +0000] "GET /phpinfo.php HTTP/1.1" 404 1811 "-" "Nikto/2.1.6"
68.115.137.145 - - [14/Jun/2024:21:11:44 +0000] "GET /products HTTP/1.1" 500 19680 "-" "Mozilla/5.0 (Windows NT 10.0; Win64; x64) AppleWebKit/537.36"
91.240.118.172 - - [14/Jun/2024:05:43:56 +0000] "GET /images/logo.png HTTP/1.1" 301 23142 "-" "python-requests/2.28.0"
147.242.19.45 - - [14/Jun/2024:00:57:35 +0000] "POST /logout HTTP/1.1" 500 5455 "-" "Mozilla/5.0 (Windows NT 10.0; Win64; x64) AppleWebKit/537.36"
115.88.85.249 - - [14/Jun/2024:03:32:28 +0000] "GET /static/js/app.js HTTP/1.1" 404 46544 "-" "python-requests/2.28.0"
4.214.57.107 - - [14/Jun/2024:16:31:53 +0000] "GET /static/css/main.css HTTP/1.1" 404 380 "-" "curl/7.68.0"
37.205.19.102 - - [14/Jun/2024:13:26:14 +0000] "DELETE / HTTP/1.1" 500 40431 "-" "curl/7.68.0"
69.190.10.87 - - [14/Jun/2024:13:06:54 +0000] "GET / HTTP/1.1" 200 42559 "-" "python-requests/2.28.0"
78.159.143.216 - - [14/Jun/2024:16:39:31 +0000] "GET /api/v1/products HTTP/1.1" 301 2741 "-" "python-requests/2.28.0"
37.205.19.102 - - [14/Jun/2024:07:32:55 +0000] "PUT /api/v1/products HTTP/1.1" 301 2981 "-" "curl/7.68.0"
37.205.19.102 - - [14/Jun/2024:19:47:17 +0000] "GET /static/css/main.css HTTP/1.1" 301 15589 "-" "Mozilla/5.0 (Macintosh; Intel Mac OS X 10_15_7) Safari/537.36"
134.214.243.147 - - [14/Jun/2024:00:56:58 +0000] "GET /favicon.ico HTTP/1.1" 500 31234 "-" "Mozilla/5.0 (Macintosh; Intel Mac OS X 10_15_7) Safari/537.36"
68.115.137.145 - - [14/Jun/2024:00:17:55 +0000] "GET /about HTTP/1.1" 200 32347 "-" "Mozilla/5.0 (Macintosh; Intel Mac OS X 10_15_7) Safari/537.36"
91.240.118.172 - - [14/Jun/2024:22:50:22 +0000] "POST /profile HTTP/1.1" 404 21817 "-" "Mozilla/5.0 (Windows NT 10.0; Win64; x64) AppleWebKit/537.36"
185.220.101.45 - - [14/Jun/2024:05:20:31 +0000] "GET /login HTTP/1.1" 304 19103 "-" "python-requests/2.28.0"
37.205.19.102 - - [14/Jun/2024:17:55:53 +0000] "GET /profile HTTP/1.1" 304 15251 "-" "curl/7.68.0"
45.33.32.156 - - [14/Jun/2024:03:13:24 +0000] "GET /.git/config HTTP/1.1" 404 854 "-" "Nikto/2.1.6"
76.245.102.25 - - [14/Jun/2024:04:24:15 +0000] "GET /contact HTTP/1.1" 500 39125 "-" "Mozilla/5.0 (Macintosh; Intel Mac OS X 10_15_7) Safari/537.36"
134.214.243.147 - - [14/Jun/2024:17:36:13 +0000] "GET /contact HTTP/1.1" 500 31958 "-" "Mozilla/5.0 (Macintosh; Intel Mac OS X 10_15_7) Safari/537.36"
37.205.19.102 - - [14/Jun/2024:20:19:44 +0000] "DELETE /images/logo.png HTTP/1.1" 200 28751 "-" "Mozilla/5.0 (Macintosh; Intel Mac OS X 10_15_7) Safari/537.36"
211.75.132.82 - - [14/Jun/2024:14:18:03 +0000] "GET /images/logo.png HTTP/1.1" 404 42681 "-" "Mozilla/5.0 (Windows NT 10.0; Win64; x64) AppleWebKit/537.36"
145.51.146.223 - - [14/Jun/2024:19:04:17 +0000] "POST /favicon.ico HTTP/1.1" 500 33532 "-" "Mozilla/5.0 (Macintosh; Intel Mac OS X 10_15_7) Safari/537.36"
142.166.141.134 - - [14/Jun/2024:13:09:55 +0000] "GET /about HTTP/1.1" 304 17226 "-" "Mozilla/5.0 (Macintosh; Intel Mac OS X 10_15_7) Safari/537.36"
198.98.54.31 - - [14/Jun/2024:01:27:59 +0000] "GET /index.html HTTP/1.1" 200 19983 "-" "curl/7.68.0"
89.210.135.99 - - [14/Jun/2024:08:03:55 +0000] "GET /images/logo.png HTTP/1.1" 200 44600 "-" "curl/7.68.0"
69.190.10.87 - - [14/Jun/2024:03:27:31 +0000] "GET / HTTP/1.1" 500 9069 "-" "Mozilla/5.0 (Macintosh; Intel Mac OS X 10_15_7) Safari/537.36"
134.214.243.147 - - [14/Jun/2024:08:48:31 +0000] "POST /static/css/main.css HTTP/1.1" 301 11638 "-" "python-requests/2.28.0"
147.242.19.45 - - [14/Jun/2024:16:47:18 +0000] "DELETE /favicon.ico HTTP/1.1" 200 48123 "-" "Mozilla/5.0 (Macintosh; Intel Mac OS X 10_15_7) Safari/537.36"
37.205.19.102 - - [14/Jun/2024:21:26:47 +0000] "DELETE /profile HTTP/1.1" 500 45659 "-" "Mozilla/5.0 (Windows NT 10.0; Win64; x64) AppleWebKit/537.36"
85.121.25.191 - - [14/Jun/2024:13:42:12 +0000] "PUT /api/v1/users HTTP/1.1" 301 11612 "-" "Mozilla/5.0 (Windows NT 10.0; Win64; x64) AppleWebKit/537.36"
68.115.137.145 - - [14/Jun/2024:15:57:04 +0000] "PUT /contact HTTP/1.1" 304 44890 "-" "curl/7.68.0"
76.245.102.25 - - [14/Jun/2024:03:52:15 +0000] "GET /login HTTP/1.1" 200 46979 "-" "python-requests/2.28.0"
85.121.25.191 - - [14/Jun/2024:02:55:45 +0000] "POST /images/logo.png HTTP/1.1" 500 19002 "-" "Mozilla/5.0 (Macintosh; Intel Mac OS X 10_15_7) Safari/537.36"
115.88.85.249 - - [14/Jun/2024:16:28:17 +0000] "POST / HTTP/1.1" 404 2271 "-" "curl/7.68.0"
183.17.75.31 - - [14/Jun/2024:21:28:03 +0000] "GET /profile HTTP/1.1" 200 18578 "-" "Mozilla/5.0 (Macintosh; Intel Mac OS X 10_15_7) Safari/537.36"
207.34.44.100 - - [14/Jun/2024:22:02:57 +0000] "PUT /contact HTTP/1.1" 304 15216 "-" "Mozilla/5.0 (Macintosh; Intel Mac OS X 10_15_7) Safari/537.36"
183.17.75.31 - - [14/Jun/2024:00:43:19 +0000] "GET /api/v1/users HTTP/1.1" 500 44537 "-" "Mozilla/5.0 (Macintosh; Intel Mac OS X 10_15_7) Safari/537.36"
45.33.32.156 - - [14/Jun/2024:06:08:23 +0000] "GET /contact HTTP/1.1" 500 14517 "-" "python-requests/2.28.0"
147.242.19.45 - - [14/Jun/2024:09:41:38 +0000] "POST /api/v1/users HTTP/1.1" 404 37749 "-" "Mozilla/5.0 (Windows NT 10.0; Win64; x64) AppleWebKit/537.36"
207.34.44.100 - - [14/Jun/2024:13:18:00 +0000] "DELETE /profile HTTP/1.1" 500 5101 "-" "curl/7.68.0"
115.88.85.249 - - [14/Jun/2024:01:05:01 +0000] "GET /images/logo.png HTTP/1.1" 200 47030 "-" "Mozilla/5.0 (Windows NT 10.0; Win64; x64) AppleWebKit/537.36"
185.220.101.45 - - [14/Jun/2024:21:26:23 +0000] "POST /login HTTP/1.1" 301 28958 "-" "Mozilla/5.0 (Windows NT 10.0; Win64; x64) AppleWebKit/537.36"
89.210.135.99 - - [14/Jun/2024:23:21:12 +0000] "PUT /index.html HTTP/1.1" 500 48886 "-" "Mozilla/5.0 (Windows NT 10.0; Win64; x64) AppleWebKit/537.36"
68.115.137.145 - - [14/Jun/2024:14:05:55 +0000] "POST /api/v1/users HTTP/1.1" 304 3002 "-" "python-requests/2.28.0"
85.121.25.191 - - [14/Jun/2024:10:04:24 +0000] "GET /about HTTP/1.1" 404 48036 "-" "curl/7.68.0"
211.75.132.82 - - [14/Jun/2024:00:24:21 +0000] "PUT /about HTTP/1.1" 200 2737 "-" "Mozilla/5.0 (Windows NT 10.0; Win64; x64) AppleWebKit/537.36"
45.33.32.156 - - [14/Jun/2024:03:13:14 +0000] "GET /.env HTTP/1.1" 404 652 "-" "Nikto/2.1.6"
89.210.135.99 - - [14/Jun/2024:20:34:46 +0000] "POST /api/v1/users HTTP/1.1" 404 7360 "-" "python-requests/2.28.0"
21.242.59.79 - - [14/Jun/2024:03:52:17 +0000] "POST /static/css/main.css HTTP/1.1" 500 40345 "-" "Mozilla/5.0 (Macintosh; Intel Mac OS X 10_15_7) Safari/537.36"
134.214.243.147 - - [14/Jun/2024:18:02:35 +0000] "PUT /images/logo.png HTTP/1.1" 200 47265 "-" "Mozilla/5.0 (Macintosh; Intel Mac OS X 10_15_7) Safari/537.36"
207.34.44.100 - - [14/Jun/2024:14:59:21 +0000] "GET /static/js/app.js HTTP/1.1" 404 21384 "-" "python-requests/2.28.0"
89.210.135.99 - - [14/Jun/2024:04:05:28 +0000] "GET /contact HTTP/1.1" 304 9678 "-" "curl/7.68.0"
145.51.146.223 - - [14/Jun/2024:08:50:08 +0000] "DELETE /about HTTP/1.1" 200 11288 "-" "Mozilla/5.0 (Windows NT 10.0; Win64; x64) AppleWebKit/537.36"
134.214.243.147 - - [14/Jun/2024:08:04:27 +0000] "GET /static/css/main.css HTTP/1.1" 200 47480 "-" "python-requests/2.28.0"
85.121.25.191 - - [14/Jun/2024:02:02:22 +0000] "PUT /products HTTP/1.1" 304 47511 "-" "curl/7.68.0"
78.159.143.216 - - [14/Jun/2024:21:42:14 +0000] "PUT /static/js/app.js HTTP/1.1" 500 45228 "-" "python-requests/2.28.0"
50.64.21.109 - - [14/Jun/2024:05:58:34 +0000] "POST /about HTTP/1.1" 200 46905 "-" "python-requests/2.28.0"
106.116.31.216 - - [14/Jun/2024:06:55:31 +0000] "POST /favicon.ico HTTP/1.1" 500 34316 "-" "curl/7.68.0"
4.214.57.107 - - [14/Jun/2024:13:47:46 +0000] "GET /api/v1/users HTTP/1.1" 200 19993 "-" "python-requests/2.28.0"
142.166.141.134 - - [14/Jun/2024:15:27:55 +0000] "GET /static/css/main.css HTTP/1.1" 301 47901 "-" "Mozilla/5.0 (Macintosh; Intel Mac OS X 10_15_7) Safari/537.36"
122.153.40.102 - - [14/Jun/2024:20:01:25 +0000] "PUT /api/v1/users HTTP/1.1" 404 10366 "-" "python-requests/2.28.0"
106.116.31.216 - - [14/Jun/2024:19:44:58 +0000] "PUT /logout HTTP/1.1" 200 2070 "-" "python-requests/2.28.0"
115.88.85.249 - - [14/Jun/2024:19:58:18 +0000] "GET /favicon.ico HTTP/1.1" 304 11602 "-" "python-requests/2.28.0"
179.50.116.35 - - [14/Jun/2024:08:12:43 +0000] "DELETE /favicon.ico HTTP/1.1" 404 42443 "-" "curl/7.68.0"
142.166.141.134 - - [14/Jun/2024:04:43:21 +0000] "PUT /login HTTP/1.1" 304 47787 "-" "python-requests/2.28.0"
122.153.40.102 - - [14/Jun/2024:13:56:13 +0000] "POST /api/v1/products HTTP/1.1" 304 13842 "-" "Mozilla/5.0 (Macintosh; Intel Mac OS X 10_15_7) Safari/537.36"
68.115.137.145 - - [14/Jun/2024:17:07:55 +0000] "GET /about HTTP/1.1" 500 40431 "-" "curl/7.68.0"
85.121.25.191 - - [14/Jun/2024:06:24:38 +0000] "GET /profile HTTP/1.1" 200 1375 "-" "Mozilla/5.0 (Macintosh; Intel Mac OS X 10_15_7) Safari/537.36"
23.129.64.214 - - [14/Jun/2024:06:24:51 +0000] "POST /index.html HTTP/1.1" 304 7126 "-" "python-requests/2.28.0"
48.228.22.68 - - [14/Jun/2024:00:15:35 +0000] "DELETE /api/v1/products HTTP/1.1" 200 18176 "-" "python-requests/2.28.0"
134.214.243.147 - - [14/Jun/2024:09:28:52 +0000] "GET /contact HTTP/1.1" 304 46342 "-" "Mozilla/5.0 (Windows NT 10.0; Win64; x64) AppleWebKit/537.36"
207.34.44.100 - - [14/Jun/2024:09:36:02 +0000] "POST /static/js/app.js HTTP/1.1" 301 28841 "-" "python-requests/2.28.0"
68.115.137.145 - - [14/Jun/2024:03:17:09 +0000] "PUT /index.html HTTP/1.1" 500 20539 "-" "curl/7.68.0"
147.242.19.45 - - [14/Jun/2024:23:04:44 +0000] "DELETE /api/v1/products HTTP/1.1" 200 19974 "-" "Mozilla/5.0 (Windows NT 10.0; Win64; x64) AppleWebKit/537.36"
122.153.40.102 - - [14/Jun/2024:01:12:50 +0000] "GET /profile HTTP/1.1" 500 45440 "-" "Mozilla/5.0 (Windows NT 10.0; Win64; x64) AppleWebKit/537.36"
4.214.57.107 - - [14/Jun/2024:20:09:19 +0000] "GET /contact HTTP/1.1" 200 40905 "-" "curl/7.68.0"
193.32.162.55 - - [14/Jun/2024:05:31:36 +0000] "GET /api/v1/users?id=1 UNION SELECT username,password FROM users-- HTTP/1.1" 200 2868 "-" "sqlmap/1.7"
50.64.21.109 - - [14/Jun/2024:01:27:30 +0000] "DELETE /images/logo.png HTTP/1.1" 304 2203 "-" "python-requests/2.28.0"
85.121.25.191 - - [14/Jun/2024:06:46:20 +0000] "POST /products HTTP/1.1" 304 32151 "-" "Mozilla/5.0 (Windows NT 10.0; Win64; x64) AppleWebKit/537.36"
106.116.31.216 - - [14/Jun/2024:04:15:14 +0000] "GET /about HTTP/1.1" 301 18415 "-" "curl/7.68.0"
21.242.59.79 - - [14/Jun/2024:00:13:23 +0000] "DELETE /api/v1/users HTTP/1.1" 200 25955 "-" "Mozilla/5.0 (Windows NT 10.0; Win64; x64) AppleWebKit/537.36"
21.242.59.79 - - [14/Jun/2024:02:39:35 +0000] "PUT / HTTP/1.1" 200 21814 "-" "Mozilla/5.0 (Macintosh; Intel Mac OS X 10_15_7) Safari/537.36"
78.159.143.216 - - [14/Jun/2024:07:01:05 +0000] "GET /admin/dashboard HTTP/1.1" 200 16350 "-" "Mozilla/5.0 (Windows NT 10.0; Win64; x64) AppleWebKit/537.36"
122.153.40.102 - - [14/Jun/2024:20:45:57 +0000] "GET /static/css/main.css HTTP/1.1" 200 32005 "-" "Mozilla/5.0 (Windows NT 10.0; Win64; x64) AppleWebKit/537.36"
89.210.135.99 - - [14/Jun/2024:07:38:52 +0000] "DELETE /profile HTTP/1.1" 404 22534 "-" "Mozilla/5.0 (Macintosh; Intel Mac OS X 10_15_7) Safari/537.36"
23.129.64.214 - - [14/Jun/2024:07:00:37 +0000] "GET /logout HTTP/1.1" 200 28908 "-" "Mozilla/5.0 (Windows NT 10.0; Win64; x64) AppleWebKit/537.36"
142.166.141.134 - - [14/Jun/2024:04:19:26 +0000] "POST /index.html HTTP/1.1" 200 24221 "-" "curl/7.68.0"
37.205.19.102 - - [14/Jun/2024:02:17:51 +0000] "GET /api/v1/products HTTP/1.1" 200 48360 "-" "python-requests/2.28.0"
142.166.141.134 - - [14/Jun/2024:21:33:36 +0000] "POST /api/v1/users HTTP/1.1" 304 6399 "-" "python-requests/2.28.0"
185.220.101.45 - - [14/Jun/2024:17:42:28 +0000] "GET /images/logo.png HTTP/1.1" 200 3058 "-" "curl/7.68.0"
21.242.59.79 - - [14/Jun/2024:10:17:34 +0000] "GET /login HTTP/1.1" 200 39911 "-" "Mozilla/5.0 (Macintosh; Intel Mac OS X 10_15_7) Safari/537.36"
106.116.31.216 - - [14/Jun/2024:18:58:52 +0000] "DELETE /about HTTP/1.1" 200 1827 "-" "curl/7.68.0"
50.64.21.109 - - [14/Jun/2024:20:30:15 +0000] "GET /images/logo.png HTTP/1.1" 200 30071 "-" "python-requests/2.28.0"
100.94.189.227 - - [14/Jun/2024:09:28:28 +0000] "DELETE /login HTTP/1.1" 301 7603 "-" "python-requests/2.28.0"
76.245.102.25 - - [14/Jun/2024:10:05:25 +0000] "GET /api/v1/users HTTP/1.1" 200 29649 "-" "python-requests/2.28.0"
193.32.162.55 - - [14/Jun/2024:05:30:00 +0000] "GET /api/v1/users?id=1 UNION SELECT username,password FROM users-- HTTP/1.1" 500 4139 "-" "sqlmap/1.7"
142.166.141.134 - - [14/Jun/2024:16:30:37 +0000] "PUT /index.html HTTP/1.1" 200 24786 "-" "python-requests/2.28.0"
68.115.137.145 - - [14/Jun/2024:21:44:10 +0000] "GET /logout HTTP/1.1" 200 12358 "-" "python-requests/2.28.0"
91.240.118.172 - - [14/Jun/2024:08:33:21 +0000] "POST /login HTTP/1.1" 500 37554 "-" "python-requests/2.28.0"
106.116.31.216 - - [14/Jun/2024:03:15:50 +0000] "DELETE /logout HTTP/1.1" 301 9292 "-" "curl/7.68.0"
185.220.101.45 - - [14/Jun/2024:00:25:49 +0000] "GET /api/v1/products HTTP/1.1" 304 6602 "-" "curl/7.68.0"
76.245.102.25 - - [14/Jun/2024:20:51:25 +0000] "DELETE /products HTTP/1.1" 500 48324 "-" "Mozilla/5.0 (Windows NT 10.0; Win64; x64) AppleWebKit/537.36"
37.205.19.102 - - [14/Jun/2024:03:51:19 +0000] "PUT /static/css/main.css HTTP/1.1" 500 6676 "-" "Mozilla/5.0 (Windows NT 10.0; Win64; x64) AppleWebKit/537.36"
134.214.243.147 - - [14/Jun/2024:12:03:13 +0000] "GET /contact HTTP/1.1" 500 40519 "-" "python-requests/2.28.0"
185.220.101.45 - - [14/Jun/2024:04:23:46 +0000] "GET /images/logo.png HTTP/1.1" 301 11013 "-" "curl/7.68.0"
122.153.40.102 - - [14/Jun/2024:19:20:15 +0000] "POST /images/logo.png HTTP/1.1" 500 45655 "-" "Mozilla/5.0 (Windows NT 10.0; Win64; x64) AppleWebKit/537.36"
183.17.75.31 - - [14/Jun/2024:23:27:46 +0000] "GET /products HTTP/1.1" 500 5249 "-" "python-requests/2.28.0"
45.33.32.156 - - [14/Jun/2024:03:13:34 +0000] "GET /admin/login HTTP/1.1" 403 711 "-" "Nikto/2.1.6"
185.220.101.45 - - [14/Jun/2024:23:07:32 +0000] "DELETE /login HTTP/1.1" 200 16117 "-" "curl/7.68.0"
91.240.118.172 - - [14/Jun/2024:10:19:12 +0000] "GET /login HTTP/1.1" 304 30894 "-" "python-requests/2.28.0"
115.88.85.249 - - [14/Jun/2024:15:17:47 +0000] "DELETE /static/js/app.js HTTP/1.1" 200 19104 "-" "Mozilla/5.0 (Macintosh; Intel Mac OS X 10_15_7) Safari/537.36"
68.115.137.145 - - [14/Jun/2024:07:02:10 +0000] "GET /api/v1/products HTTP/1.1" 500 983 "-" "curl/7.68.0"
48.228.22.68 - - [14/Jun/2024:10:22:43 +0000] "POST /products HTTP/1.1" 200 40423 "-" "python-requests/2.28.0"
142.166.141.134 - - [14/Jun/2024:09:33:20 +0000] "GET /index.html HTTP/1.1" 404 25548 "-" "curl/7.68.0"
78.159.143.216 - - [14/Jun/2024:12:49:39 +0000] "GET /logout HTTP/1.1" 200 24361 "-" "python-requests/2.28.0"
85.121.25.191 - - [14/Jun/2024:06:35:04 +0000] "GET /api/v1/products HTTP/1.1" 301 14042 "-" "Mozilla/5.0 (Macintosh; Intel Mac OS X 10_15_7) Safari/537.36"
45.33.32.156 - - [14/Jun/2024:21:41:27 +0000] "PUT /about HTTP/1.1" 200 430 "-" "curl/7.68.0"
198.98.54.31 - - [14/Jun/2024:16:31:51 +0000] "POST /static/css/main.css HTTP/1.1" 404 21726 "-" "python-requests/2.28.0"
