45.33.32.156 - - [14/Jun/2024:03:13:44 +0000] "GET /server-status HTTP/1.1" 404 1097 "-" "Nikto/2.1.6"
50.64.21.109 - - [14/Jun/2024:08:31:44 +0000] "GET / HTTP/1.1" 200 32298 "-" "Mozilla/5.0 (Macintosh; Intel Mac OS X 10_15_7) Safari/537.36"
21.242.59.79 - - [14/Jun/2024:04:48:49 +0000] "GET /contact HTTP/1.1" 304 33053 "-" "python-requests/2.28.0"
50.64.21.109 - - [14/Jun/2024:01:20:51 +0000] "POST /login HTTP/1.1" 304 38734 "-" "python-requests/2.28.0"
48.228.22.68 - - [14/Jun/2024:15:43:38 +0000] "PUT /logout HTTP/1.1" 500 20860 "-" "curl/7.68.0"
147.242.19.45 - - [14/Jun/2024:05:53:49 +0000] "GET /products HTTP/1.1" 500 4088 "-" "python-requests/2.28.0"
45.33.32.156 - - [14/Jun/2024:03:12:10 +0000] "GET /db.sql HTTP/1.1" 404 1457 "-" "Nikto/2.1.6"
91.240.118.172 - - [14/Jun/2024:20:08:36 +0000] "GET /profile HTTP/1.1" 404 27337 "-" "python-requests/2.28.0"
115.88.85.249 - - [14/Jun/2024:20:14:11 +0000] "DELETE /static/css/main.css HTTP/1.1" 500 8973 "-" "Mozilla/5.0 (Macintosh; Intel Mac OS X 10_15_7) Safari/537.36"
68.115.137.145 - - [14/Jun/2024:15:02:18 +0000] "DELETE /static/js/app.js HTTP/1.1" 200 49661 "-" "Mozilla/5.0 (Macintosh; Intel Mac OS X 10_15_7) Safari/537.36"
50.64.21.109 - - [14/Jun/2024:04:45:25 +0000] "POST /index.html HTTP/1.1" 301 28880 "-" "Mozilla/5.0 (Windows NT 10.0; Win64; x64) AppleWebKit/537.36"
50.64.21.109 - - [14/Jun/2024:16:30:12 +0000] "GET /index.html HTTP/1.1" 301 7398 "-" "curl/7.68.0"
183.17.75.31 - - [14/Jun/2024:20:41:21 +0000] "POST /index.html HTTP/1.1" 500 41667 "-" "Mozilla/5.0 (Macintosh; Intel Mac OS X 10_15_7) Safari/537.36"
145.51.146.223 - - [14/Jun/2024:16:42:05 +0000] "DELETE /api/v1/products HTTP/1.1" 200 10932 "-" "Mozilla/5.0 (Macintosh; Intel Mac OS X 10_15_7) Safari/537.36"
198.98.54.31 - - [14/Jun/2024:00:17:39 +0000] "PUT /static/js/app.js HTTP/1.1" 404 9476 "-" "Mozilla/5.0 (Windows NT 10.0; Win64; x64) AppleWebKit/537.36"
185.220.101.45 - - [14/Jun/2024:02:17:19 +0000] "GET /contact HTTP/1.1" 200 43816 "-" "Mozilla/5.0 (Macintosh; Intel Mac OS X 10_15_7) Safari/537.36"
193.32.162.55 - - [14/Jun/2024:05:30:16 +0000] "GET /login?user=admin'--&pass=x HTTP/1.1" 500 930 "-" "sqlmap/1.7"
4.214.57.107 - - [14/Jun/2024:17:12:05 +0000] "DELETE /static/js/app.js HTTP/1.1" 404 5117 "-" "curl/7.68.0"
115.88.85.249 - - [14/Jun/2024:22:11:19 +0000] "GET /api/v1/products HTTP/1.1" 200 8939 "-" "python-requests/2.28.0"
76.245.102.25 - - [14/Jun/2024:17:43:26 +0000] "GET /profile HTTP/1.1" 404 12616 "-" "curl/7.68.0"
68.115.137.145 - - [14/Jun/2024:09:27:59 +0000] "POST /api/v1/users HTTP/1.1" 200 3101 "-" "Mozilla/5.0 (Macintosh; Intel Mac OS X 10_15_7) Safari/537.36"
115.88.85.249 - - [14/Jun/2024:13:09:12 +0000] "GET /about HTTP/1.1" 404 27898 "-" "python-requests/2.28.0"
78.159.143.216 - - [14/Jun/2024:03:41:16 +0000] "GET /static/js/app.js HTTP/1.1" 200 29933 "-" "curl/7.68.0"
91.240.118.172 - - [14/Jun/2024:06:04:51 +0000] "GET /products HTTP/1.1" 200 29879 "-" "curl/7.68.0"
100.94.189.227 - - [14/Jun/2024:04:14:24 +0000] "GET /favicon.ico HTTP/1.1" 404 29180 "-" "python-requests/2.28.0"
115.88.85.249 - - [14/Jun/2024:08:21:56 +0000] "DELETE /about HTTP/1.1" 200 14054 "-" "python-requests/2.28.0"
78.159.143.216 - - [14/Jun/2024:05:03:28 +0000] "PUT /profile HTTP/1.1" 500 41689 "-" "Mozilla/5.0 (Windows NT 10.0; Win64; x64) AppleWebKit/537.36"
100.94.189.227 - - [14/Jun/2024:16:00:58 +0000] "GET /index.html HTTP/1.1" 304 42170 "-" "curl/7.68.0"
91.240.118.172 - - [14/Jun/2024:06:08:34 +0000] "GET /contact HTTP/1.1" 200 13124 "-" "python-requests/2.28.0"
185.220.101.45 - - [14/Jun/2024:01:42:35 +0000] "POST /logout HTTP/1.1" 301 20725 "-" "Mozilla/5.0 (Windows NT 10.0; Win64; x64) AppleWebKit/537.36"
45.33.32.156 - - [14/Jun/2024:07:02:49 +0000] "GET / HTTP/1.1" 301 40990 "-" "Mozilla/5.0 (Windows NT 10.0; Win64; x64) AppleWebKit/537.36"
122.153.40.102 - - [14/Jun/2024:13:53:18 +0000] "GET /static/css/main.css HTTP/1.1" 500 26942 "-" "Mozilla/5.0 (Macintosh; Intel Mac OS X 10_15_7) Safari/537.36"
134.214.243.147 - - [14/Jun/2024:13:18:36 +0000] "GET /static/js/app.js HTTP/1.1" 304 46194 "-" "Mozilla/5.0 (Windows NT 10.0; Win64; x64) AppleWebKit/537.36"
4.214.57.107 - - [14/Jun/2024:03:28:59 +0000] "POST /static/css/main.css HTTP/1.1" 200 5605 "-" "Mozilla/5.0 (Windows NT 10.0; Win64; x64) AppleWebKit/537.36"
23.129.64.214 - - [14/Jun/2024:00:08:58 +0000] "GET /static/js/app.js HTTP/1.1" 500 38947 "-" "Mozilla/5.0 (Windows NT 10.0; Win64; x64) AppleWebKit/537.36"
85.121.25.191 - - [14/Jun/2024:08:47:12 +0000] "GET /favicon.ico HTTP/1.1" 301 33113 "-" "Mozilla/5.0 (Windows NT 10.0; Win64; x64) AppleWebKit/537.36"
21.242.59.79 - - [14/Jun/2024:18:28:13 +0000] "GET /static/js/app.js HTTP/1.1" 200 13460 "-" "curl/7.68.0"
198.98.54.31 - - [14/Jun/2024:17:38:28 +0000] "GET /about HTTP/1.1" 500 29794 "-" "Mozilla/5.0 (Windows NT 10.0; Win64; x64) AppleWebKit/537.36"
121.250.135.24 - - [14/Jun/2024:04:20:26 +0000] "POST /api/v1/products HTTP/1.1" 404 38702 "-" "Mozilla/5.0 (Windows NT 10.0; Win64; x64) AppleWebKit/537.36"
76.245.102.25 - - [14/Jun/2024:10:03:51 +0000] "GET /index.html HTTP/1.1" 500 9779 "-" "python-requests/2.28.0"
147.242.19.45 - - [14/Jun/2024:07:45:48 +0000] "GET /static/css/main.css HTTP/1.1" 200 21987 "-" "Mozilla/5.0 (Windows NT 10.0; Win64; x64) AppleWebKit/537.36"
48.228.22.68 - - [14/Jun/2024:14:16:01 +0000] "GET /index.html HTTP/1.1" 304 1662 "-" "Mozilla/5.0 (Macintosh; Intel Mac OS X 10_15_7) Safari/537.36"
76.245.102.25 - - [14/Jun/2024:08:52:18 +0000] "GET /static/css/main.css HTTP/1.1" 304 10559 "-" "Mozilla/5.0 (Macintosh; Intel Mac OS X 10_15_7) Safari/537.36"
211.75.132.82 - - [14/Jun/2024:17:19:38 +0000] "GET /logout HTTP/1.1" 200 25649 "-" "curl/7.68.0"
85.121.25.191 - - [14/Jun/2024:11:11:23 +0000] "GET /login HTTP/1.1" 304 11186 "-" "Mozilla/5.0 (Windows NT 10.0; Win64; x64) AppleWebKit/537.36"
142.166.141.134 - - [14/Jun/2024:10:44:47 +0000] "GET /images/logo.png HTTP/1.1" 500 41811 "-" "Mozilla/5.0 (Macintosh; Intel Mac OS X 10_15_7) Safari/537.36"
85.121.25.191 - - [14/Jun/2024:05:24:44 +0000] "PUT /profile HTTP/1.1" 304 3576 "-" "Mozilla/5.0 (Windows NT 10.0; Win64; x64) AppleWebKit/537.36"
21.242.59.79 - - [14/Jun/2024:06:56:48 +0000] "GET /favicon.ico HTTP/1.1" 200 1757 "-" "Mozilla/5.0 (Macintosh; Intel Mac OS X 10_15_7) Safari/537.36"
185.220.101.45 - - [14/Jun/2024:19:00:14 +0000] "PUT /images/logo.png HTTP/1.1" 304 16502 "-" "python-requests/2.28.0"
89.210.135.99 - - [14/Jun/2024:20:19:53 +0000] "PUT /api/v1/products HTTP/1.1" 404 6914 "-" "curl/7.68.0"
21.242.59.79 - - [14/Jun/2024:17:56:56 +0000] "DELETE /admin/dashboard HTTP/1.1" 200 8103 "-" "curl/7.68.0"
115.88.85.249 - - [14/Jun/2024:20:12:44 +0000] "GET / HTTP/1.1" 500 30451 "-" "curl/7.68.0"
121.250.135.24 - - [14/Jun/2024:11:55:04 +0000] "GET /admin/dashboard HTTP/1.1" 304 44349 "-" "Mozilla/5.0 (Macintosh; Intel Mac OS X 10_15_7) Safari/537.36"
69.190.10.87 - - [14/Jun/2024:18:17:20 +0000] "PUT /login HTTP/1.1" 404 42570 "-" "curl/7.68.0"
48.228.22.68 - - [14/Jun/2024:23:49:52 +0000] "DELETE /images/logo.png HTTP/1.1" 200 26794 "-" "curl/7.68.0"
37.205.19.102 - - [14/Jun/2024:06:51:36 +0000] "PUT /static/css/main.css HTTP/1.1" 404 34449 "-" "Mozilla/5.0 (Windows NT 10.0; Win64; x64) AppleWebKit/537.36"
89.210.135.99 - - [14/Jun/2024:14:29:43 +0000] "GET /admin/dashboard HTTP/1.1" 500 43206 "-" "Mozilla/5.0 (Windows NT 10.0; Win64; x64) AppleWebKit/537.36"
185.220.101.45 - - [14/Jun/2024:13:04:20 +0000] "GET /admin/dashboard HTTP/1.1" 200 33597 "-" "Mozilla/5.0 (Macintosh; Intel Mac OS X 10_15_7) Safari/537.36"
106.116.31.216 - - [14/Jun/2024:22:31:27 +0000] "DELETE / HTTP/1.1" 200 23299 "-" "Mozilla/5.0 (Macintosh; Intel Mac OS X 10_15_7) Safari/537.36"
179.50.116.35 - - [14/Jun/2024:17:54:32 +0000] "DELETE /static/js/app.js HTTP/1.1" 200 1864 "-" "Mozilla/5.0 (Windows NT 10.0; Win64; x64) AppleWebKit/537.36"
122.153.40.102 - - [14/Jun/2024:13:19:08 +0000] "GET /profile HTTP/1.1" 500 38640 "-" "curl/7.68.0"
207.34.44.100 - - [14/Jun/2024:10:54:46 +0000] "DELETE /products HTTP/1.1" 301 47041 "-" "curl/7.68.0"
185.220.101.45 - - [14/Jun/2024:16:37:19 +0000] "POST /favicon.ico HTTP/1.1" 500 31342 "-" "python-requests/2.28.0"
21.242.59.79 - - [14/Jun/2024:06:50:32 +0000] "GET /about HTTP/1.1" 200 49967 "-" "curl/7.68.0"
78.159.143.216 - - [14/Jun/2024:15:01:27 +0000] "DELETE /admin/dashboard HTTP/1.1" 304 9335 "-" "Mozilla/5.0 (Macintosh; Intel Mac OS X 10_15_7) Safari/537.36"
4.214.57.107 - - [14/Jun/2024:10:21:53 +0000] "DELETE /logout HTTP/1.1" 500 17617 "-" "python-requests/2.28.0"
91.240.118.172 - - [14/Jun/2024:20:20:20 +0000] "PUT /products HTTP/1.1" 200 7668 "-" "curl/7.68.0"
48.228.22.68 - - [14/Jun/2024:13:52:03 +0000] "GET /images/logo.png HTTP/1.1" 404 9800 "-" "python-requests/2.28.0"
183.17.75.31 - - [14/Jun/2024:11:45:36 +0000] "POST /products HTTP/1.1" 200 44575 "-" "python-requests/2.28.0"
142.166.141.134 - - [14/Jun/2024:14:37:22 +0000] "GET /login HTTP/1.1" 200 6060 "-" "curl/7.68.0"
147.242.19.45 - - [14/Jun/2024:23:33:45 +0000] "DELETE /about HTTP/1.1" 200 19565 "-" "python-requests/2.28.0"
78.159.143.216 - - [14/Jun/2024:02:44:42 +0000] "GET /admin/dashboard HTTP/1.1" 304 41394 "-" "Mozilla/5.0 (Windows NT 10.0; Win64; x64) AppleWebKit/537.36"
45.33.32.156 - - [14/Jun/2024:06:36:24 +0000] "DELETE / HTTP/1.1" 200 25555 "-" "Mozilla/5.0 (Windows NT 10.0; Win64; x64) AppleWebKit/537.36"
50.64.21.109 - - [14/Jun/2024:21:07:36 +0000] "DELETE /index.html HTTP/1.1" 200 47853 "-" "curl/7.68.0"
45.33.32.156 - - [14/Jun/2024:17:09:19 +0000] "GET /contact HTTP/1.1" 404 35258 "-" "Mozilla/5.0 (Macintosh; Intel Mac OS X 10_15_7) Safari/537.36"
142.166.141.134 - - [14/Jun/2024:08:02:10 +0000] "DELETE /index.html HTTP/1.1" 200 13679 "-" "python-requests/2.28.0"
89.210.135.99 - - [14/Jun/2024:02:50:09 +0000] "DELETE /static/css/main.css HTTP/1.1" 500 31891 "-" "Mozilla/5.0 (Windows NT 10.0; Win64; x64) AppleWebKit/537.36"
89.210.135.99 - - [14/Jun/2024:04:08:53 +0000] "DELETE /login HTTP/1.1" 200 11941 "-" "python-requests/2.28.0"
121.250.135.24 - - [14/Jun/2024:18:04:14 +0000] "GET /logout HTTP/1.1" 404 1487 "-" "curl/7.68.0"
198.98.54.31 - - [14/Jun/2024:21:45:35 +0000] "GET /about HTTP/1.1" 404 19967 "-" "Mozilla/5.0 (Windows NT 10.0; Win64; x64) AppleWebKit/537.36"
115.88.85.249 - - [14/Jun/2024:01:55:57 +0000] "DELETE / HTTP/1.1" 200 25470 "-" "curl/7.68.0"
45.33.32.156 - - [14/Jun/2024:03:13:26 +0000] "GET /phpinfo.php HTTP/1.1" 403 1502 "-" "Nikto/2.1.6"
185.220.101.45 - - [14/Jun/2024:18:08:08 +0000] "GET /profile HTTP/1.1" 200 1701 "-" "curl/7.68.0"
179.50.116.35 - - [14/Jun/2024:03:35:34 +0000] "GET /profile HTTP/1.1" 304 46383 "-" "python-requests/2.28.0"
193.32.162.55 - - [14/Jun/2024:05:32:56 +0000] "GET /api/data?filter=1 OR 1=1 HTTP/1.1" 500 4783 "-" "sqlmap/1.7"
115.88.85.249 - - [14/Jun/2024:07:21:02 +0000] "POST /images/logo.png HTTP/1.1" 500 431 "-" "Mozilla/5.0 (Macintosh; Intel Mac OS X 10_15_7) Safari/537.36"
147.242.19.45 - - [14/Jun/2024:18:47:29 +0000] "DELETE / HTTP/1.1" 200 19082 "-" "python-requests/2.28.0"
121.250.135.24 - - [14/Jun/2024:10:23:21 +0000] "GET /products HTTP/1.1" 500 5873 "-" "Mozilla/5.0 (Macintosh; Intel Mac OS X 10_15_7) Safari/537.36"
78.159.143.216 - - [14/Jun/2024:14:29:31 +0000] "GET /images/logo.png HTTP/1.1" 500 18737 "-" "python-requests/2.28.0"
185.220.101.45 - - [14/Jun/2024:10:27:44 +0000] "GET /products HTTP/1.1" 304 26347 "-" "Mozilla/5.0 (Macintosh; Intel Mac OS X 10_15_7) Safari/537.36"
193.32.162.55 - - [14/Jun/2024:05:31:04 +0000] "GET /login?user=admin'--&pass=x HTTP/1.1" 500 957 "-" "sqlmap/1.7"
37.205.19.102 - - [14/Jun/2024:18:45:37 +0000] "GET /index.html HTTP/1.1" 200 46502 "-" "python-requests/2.28.0"
37.205.19.102 - - [14/Jun/2024:02:39:12 +0000] "DELETE /api/v1/users HTTP/1.1" 304 14415 "-" "Mozilla/5.0 (Macintosh; Intel Mac OS X 10_15_7) Safari/537.36"
85.121.25.191 - - [14/Jun/2024:15:10:46 +0000] "GET /about HTTP/1.1" 304 8331 "-" "python-requests/2.28.0"
185.220.101.45 - - [14/Jun/2024:10:15:13 +0000] "GET /products HTTP/1.1" 200 33206 "-" "curl/7.68.0"
106.116.31.216 - - [14/Jun/2024:18:55:51 +0000] "DELETE /favicon.ico HTTP/1.1" 200 20530 "-" "Mozilla/5.0 (Windows NT 10.0; Win64; x64) AppleWebKit/537.36"
106.116.31.216 - - [14/Jun/2024:14:08:53 +0000] "GET /products HTTP/1.1" 500 17345 "-" "Mozilla/5.0 (Macintosh; Intel Mac OS X 10_15_7) Safari/537.36"
179.50.116.35 - - [14/Jun/2024:04:19:47 +0000] "GET / HTTP/1.1" 200 19768 "-" "Mozilla/5.0 (Windows NT 10.0; Win64; x64) AppleWebKit/537.36"
4.214.57.107 - - [14/Jun/2024:21:40:18 +0000] "GET / HTTP/1.1" 404 37767 "-" "python-requests/2.28.0"
4.214.57.107 - - [14/Jun/2024:02:00:34 +0000] "DELETE /index.html HTTP/1.1" 200 35037 "-" "curl/7.68.0"
91.240.118.172 - - [14/Jun/2024:06:01:19 +0000] "POST /api/v1/users HTTP/1.1" 200 21685 "-" "curl/7.68.0"
185.220.101.45 - - [14/Jun/2024:15:09:56 +0000] "PUT /profile HTTP/1.1" 200 31057 "-" "curl/7.68.0"
147.242.19.45 - - [14/Jun/2024:18:30:28 +0000] "GET /favicon.ico HTTP/1.1" 304 11380 "-" "Mozilla/5.0 (Macintosh; Intel Mac OS X 10_15_7) Safari/537.36"
134.214.243.147 - - [14/Jun/2024:11:57:58 +0000] "POST /static/css/main.css HTTP/1.1" 200 48042 "-" "Mozilla/5.0 (Windows NT 10.0; Win64; x64) AppleWebKit/537.36"
121.250.135.24 - - [14/Jun/2024:21:32:44 +0000] "PUT /profile HTTP/1.1" 200 27379 "-" "Mozilla/5.0 (Windows NT 10.0; Win64; x64) AppleWebKit/537.36"
89.210.135.99 - - [14/Jun/2024:17:20:25 +0000] "PUT /contact HTTP/1.1" 301 44794 "-" "python-requests/2.28.0"
37.205.19.102 - - [14/Jun/2024:03:38:22 +0000] "DELETE /static/css/main.css HTTP/1.1" 301 10338 "-" "Mozilla/5.0 (Windows NT 10.0; Win64; x64) AppleWebKit/537.36"
115.88.85.249 - - [14/Jun/2024:14:42:24 +0000] "DELETE /contact HTTP/1.1" 304 40918 "-" "python-requests/2.28.0"
21.242.59.79 - - [14/Jun/2024:06:46:11 +0000] "GET /products HTTP/1.1" 200 46871 "-" "python-requests/2.28.0"
179.50.116.35 - - [14/Jun/2024:17:10:22 +0000] "PUT /api/v1/products HTTP/1.1" 200 4199 "-" "curl/7.68.0"
45.33.32.156 - - [14/Jun/2024:03:12:26 +0000] "GET /cgi-bin/test HTTP/1.1" 200 1933 "-" "Nikto/2.1.6"
45.33.32.156 - - [14/Jun/2024:08:10:28 +0000] "GET /about HTTP/1.1" 200 19671 "-" "python-requests/2.28.0"
147.242.19.45 - - [14/Jun/2024:06:32:42 +0000] "PUT /profile HTTP/1.1" 404 35809 "-" "Mozilla/5.0 (Macintosh; Intel Mac OS X 10_15_7) Safari/537.36"
185.220.101.45 - - [14/Jun/2024:17:19:07 +0000] "GET /about HTTP/1.1" 200 44181 "-" "python-requests/2.28.0"
147.242.19.45 - - [14/Jun/2024:01:04:24 +0000] "GET /profile HTTP/1.1" 301 26951 "-" "curl/7.68.0"
122.153.40.102 - - [14/Jun/2024:18:38:01 +0000] "GET /login HTTP/1.1" 200 39529 "-" "Mozilla/5.0 (Windows NT 10.0; Win64; x64) AppleWebKit/537.36"
183.17.75.31 - - [14/Jun/2024:15:51:07 +0000] "GET /admin/dashboard HTTP/1.1" 500 4222 "-" "Mozilla/5.0 (Macintosh; Intel Mac OS X 10_15_7) Safari/537.36"
179.50.116.35 - - [14/Jun/2024:01:41:34 +0000] "DELETE /admin/dashboard HTTP/1.1" 404 38588 "-" "Mozilla/5.0 (Windows NT 10.0; Win64; x64) AppleWebKit/537.36"
106.116.31.216 - - [14/Jun/2024:18:49:20 +0000] "POST /profile HTTP/1.1" 200 20679 "-" "python-requests/2.28.0"
85.121.25.191 - - [14/Jun/2024:16:31:08 +0000] "DELETE /login HTTP/1.1" 200 14711 "-" "Mozilla/5.0 (Macintosh; Intel Mac OS X 10_15_7) Safari/537.36"
115.88.85.249 - - [14/Jun/2024:12:08:04 +0000] "GET /index.html HTTP/1.1" 304 43187 "-" "curl/7.68.0"
115.88.85.249 - - [14/Jun/2024:05:17:35 +0000] "GET /about HTTP/1.1" 200 48398 "-" "curl/7.68.0"
211.75.132.82 - - [14/Jun/2024:18:20:46 +0000] "DELETE /static/js/app.js HTTP/1.1" 200 46553 "-" "Mozilla/5.0 (Windows NT 10.0; Win64; x64) AppleWebKit/537.36"
134.214.243.147 - - [14/Jun/2024:12:48:45 +0000] "DELETE /products HTTP/1.1" 200 32850 "-" "curl/7.68.0"
193.32.162.55 - - [14/Jun/2024:05:30:24 +0000] "GET /products?cat=1; SELECT * FROM users-- HTTP/1.1" 500 4835 "-" "sqlmap/1.7"
45.33.32.156 - - [14/Jun/2024:13:57:22 +0000] "GET /logout HTTP/1.1" 200 47884 "-" "curl/7.68.0"
142.166.141.134 - - [14/Jun/2024:15:32:54 +0000] "GET /products HTTP/1.1" 304 37692 "-" "curl/7.68.0"
4.214.57.107 - - [14/Jun/2024:01:35:47 +0000] "PUT /login HTTP/1.1" 200 47942 "-" "Mozilla/5.0 (Macintosh; Intel Mac OS X 10_15_7) Safari/537.36"
142.166.141.134 - - [14/Jun/2024:21:53:22 +0000] "GET /contact HTTP/1.1" 304 18226 "-" "Mozilla/5.0 (Macintosh; Intel Mac OS X 10_15_7) Safari/537.36"
45.33.32.156 - - [14/Jun/2024:03:12:44 +0000] "GET /backup.zip HTTP/1.1" 404 1529 "-" "Nikto/2.1.6"
198.98.54.31 - - [14/Jun/2024:16:55:40 +0000] "GET /logout HTTP/1.1" 304 5796 "-" "Mozilla/5.0 (Macintosh; Intel Mac OS X 10_15_7) Safari/537.36"
76.245.102.25 - - [14/Jun/2024:11:40:06 +0000] "GET /static/css/main.css HTTP/1.1" 200 8401 "-" "curl/7.68.0"
198.98.54.31 - - [14/Jun/2024:18:02:02 +0000] "DELETE /static/js/app.js HTTP/1.1" 304 5503 "-" "curl/7.68.0"
21.242.59.79 - - [14/Jun/2024:14:45:50 +0000] "GET /images/logo.png HTTP/1.1" 404 43733 "-" "python-requests/2.28.0"
89.210.135.99 - - [14/Jun/2024:16:46:42 +0000] "GET /logout HTTP/1.1" 404 13660 "-" "python-requests/2.28.0"
89.210.135.99 - - [14/Jun/2024:22:41:03 +0000] "GET /favicon.ico HTTP/1.1" 404 43795 "-" "Mozilla/5.0 (Windows NT 10.0; Win64; x64) AppleWebKit/537.36"
69.190.10.87 - - [14/Jun/2024:20:55:03 +0000] "GET /login HTTP/1.1" 200 33497 "-" "curl/7.68.0"
91.240.118.172 - - [14/Jun/2024:12:52:26 +0000] "GET /products HTTP/1.1" 500 2042 "-" "curl/7.68.0"
48.228.22.68 - - [14/Jun/2024:08:30:03 +0000] "DELETE /api/v1/users HTTP/1.1" 200 49658 "-" "Mozilla/5.0 (Windows NT 10.0; Win64; x64) AppleWebKit/537.36"
76.245.102.25 - - [14/Jun/2024:03:45:38 +0000] "GET /index.html HTTP/1.1" 304 47680 "-" "curl/7.68.0"
183.17.75.31 - - [14/Jun/2024:17:02:50 +0000] "GET /profile HTTP/1.1" 500 31300 "-" "curl/7.68.0"
121.250.135.24 - - [14/Jun/2024:17:17:22 +0000] "GET /logout HTTP/1.1" 301 23611 "-" "python-requests/2.28.0"
134.214.243.147 - - [14/Jun/2024:07:14:07 +0000] "GET /admin/dashboard HTTP/1.1" 404 14272 "-" "Mozilla/5.0 (Windows NT 10.0; Win64; x64) AppleWebKit/537.36"
85.121.25.191 - - [14/Jun/2024:20:05:58 +0000] "POST /api/v1/products HTTP/1.1" 200 14794 "-" "Mozilla/5.0 (Macintosh; Intel Mac OS X 10_15_7) Safari/537.36"
122.153.40.102 - - [14/Jun/2024:03:46:13 +0000] "DELETE /static/css/main.css HTTP/1.1" 304 21092 "-" "python-requests/2.28.0"
142.166.141.134 - - [14/Jun/2024:22:46:08 +0000] "DELETE /products HTTP/1.1" 301 37530 "-" "curl/7.68.0"
211.75.132.82 - - [14/Jun/2024:02:46:05 +0000] "GET /login HTTP/1.1" 200 23169 "-" "Mozilla/5.0 (Macintosh; Intel Mac OS X 10_15_7) Safari/537.36"
145.51.146.223 - - [14/Jun/2024:20:24:59 +0000] "GET /about HTTP/1.1" 200 15639 "-" "Mozilla/5.0 (Windows NT 10.0; Win64; x64) AppleWebKit/537.36"
122.153.40.102 - - [14/Jun/2024:02:51:17 +0000] "PUT /products HTTP/1.1" 301 41399 "-" "Mozilla/5.0 (Macintosh; Intel Mac OS X 10_15_7) Safari/537.36"
69.190.10.87 - - [14/Jun/2024:16:13:22 +0000] "PUT /index.html HTTP/1.1" 200 47700 "-" "python-requests/2.28.0"
198.98.54.31 - - [14/Jun/2024:05:02:36 +0000] "DELETE /login HTTP/1.1" 500 29486 "-" "python-requests/2.28.0"
68.115.137.145 - - [14/Jun/2024:20:46:02 +0000] "GET / HTTP/1.1" 304 42408 "-" "Mozilla/5.0 (Macintosh; Intel Mac OS X 10_15_7) Safari/537.36"
68.115.137.145 - - [14/Jun/2024:07:16:10 +0000] "DELETE /contact HTTP/1.1" 500 17393 "-" "Mozilla/5.0 (Macintosh; Intel Mac OS X 10_15_7) Safari/537.36"
50.64.21.109 - - [14/Jun/2024:11:02:25 +0000] "PUT /api/v1/users HTTP/1.1" 200 38710 "-" "python-requests/2.28.0"
45.33.32.156 - - [14/Jun/2024:16:14:02 +0000] "POST /about HTTP/1.1" 404 41965 "-" "Mozilla/5.0 (Windows NT 10.0; Win64; x64) AppleWebKit/537.36"
4.214.57.107 - - [14/Jun/2024:05:17:05 +0000] "PUT /profile HTTP/1.1" 200 20807 "-" "Mozilla/5.0 (Windows NT 10.0; Win64; x64) AppleWebKit/537.36"
50.64.21.109 - - [14/Jun/2024:23:37:50 +0000] "DELETE /images/logo.png HTTP/1.1" 304 46061 "-" "Mozilla/5.0 (Macintosh; Intel Mac OS X 10_15_7) Safari/537.36"
4.214.57.107 - - [14/Jun/2024:17:31:00 +0000] "GET /static/js/app.js HTTP/1.1" 200 28559 "-" "Mozilla/5.0 (Macintosh; Intel Mac OS X 10_15_7) Safari/537.36"
91.240.118.172 - - [14/Jun/2024:12:14:22 +0000] "POST /static/css/main.css HTTP/1.1" 404 3231 "-" "python-requests/2.28.0"
121.250.135.24 - - [14/Jun/2024:03:36:54 +0000] "DELETE /api/v1/users HTTP/1.1" 200 9029 "-" "Mozilla/5.0 (Windows NT 10.0; Win64; x64) AppleWebKit/537.36"
23.129.64.214 - - [14/Jun/2024:23:46:31 +0000] "DELETE /products HTTP/1.1" 304 42247 "-" "python-requests/2.28.0"
68.115.137.145 - - [14/Jun/2024:04:28:10 +0000] "POST /favicon.ico HTTP/1.1" 301 18252 "-" "curl/7.68.0"
115.88.85.249 - - [14/Jun/2024:09:36:59 +0000] "GET /index.html HTTP/1.1" 500 11449 "-" "Mozilla/5.0 (Windows NT 10.0; Win64; x64) AppleWebKit/537.36"
50.64.21.109 - - [14/Jun/2024:10:05:35 +0000] "GET /static/css/main.css HTTP/1.1" 404 23708 "-" "python-requests/2.28.0"
21.242.59.79 - - [14/Jun/2024:18:42:30 +0000] "POST / HTTP/1.1" 301 18291 "-" "curl/7.68.0"
185.220.101.45 - - [14/Jun/2024:20:53:17 +0000] "GET /favicon.ico HTTP/1.1" 404 12462 "-" "python-requests/2.28.0"
134.214.243.147 - - [14/Jun/2024:08:39:08 +0000] "POST /admin/dashboard HTTP/1.1" 200 14164 "-" "curl/7.68.0"
100.94.189.227 - - [14/Jun/2024:22:23:54 +0000] "DELETE / HTTP/1.1" 200 15679 "-" "Mozilla/5.0 (Windows NT 10.0; Win64; x64) AppleWebKit/537.36"
185.220.101.45 - - [14/Jun/2024:00:39:08 +0000] "GET /static/js/app.js HTTP/1.1" 404 16306 "-" "Mozilla/5.0 (Macintosh; Intel Mac OS X 10_15_7) Safari/537.36"
207.34.44.100 - - [14/Jun/2024:00:15:32 +0000] "PUT /index.html HTTP/1.1" 304 471 "-" "python-requests/2.28.0"
4.214.57.107 - - [14/Jun/2024:21:49:22 +0000] "GET /favicon.ico HTTP/1.1" 200 5661 "-" "Mozilla/5.0 (Macintosh; Intel Mac OS X 10_15_7) Safari/537.36"
115.88.85.249 - - [14/Jun/2024:17:49:35 +0000] "POST /login HTTP/1.1" 200 36900 "-" "python-requests/2.28.0"
37.205.19.102 - - [14/Jun/2024:21:53:12 +0000] "GET /contact HTTP/1.1" 200 39868 "-" "curl/7.68.0"
134.214.243.147 - - [14/Jun/2024:17:27:31 +0000] "GET /favicon.ico HTTP/1.1" 200 9110 "-" "python-requests/2.28.0"
122.153.40.102 - - [14/Jun/2024:09:03:51 +0000] "POST /contact HTTP/1.1" 404 2196 "-" "Mozilla/5.0 (Macintosh; Intel Mac OS X 10_15_7) Safari/537.36"
76.245.102.25 - - [14/Jun/2024:03:35:43 +0000] "PUT /static/js/app.js HTTP/1.1" 500 25467 "-" "python-requests/2.28.0"
198.98.54.31 - - [14/Jun/2024:13:45:01 +0000] "DELETE /contact HTTP/1.1" 200 21485 "-" "Mozilla/5.0 (Macintosh; Intel Mac OS X 10_15_7) Safari/537.36"
91.240.118.172 - - [14/Jun/2024:22:49:33 +0000] "GET /static/js/app.js HTTP/1.1" 404 13970 "-" "python-requests/2.28.0"
185.220.101.45 - - [14/Jun/2024:23:24:05 +0000] "POST /profile HTTP/1.1" 301 22853 "-" "python-requests/2.28.0"
193.32.162.55 - - [14/Jun/2024:05:30:56 +0000] "GET /search?q=' OR 1=1-- HTTP/1.1" 200 2710 "-" "sqlmap/1.7"
37.205.19.102 - - [14/Jun/2024:03:40:25 +0000] "POST /login HTTP/1.1" 200 15382 "-" "Mozilla/5.0 (Macintosh; Intel Mac OS X 10_15_7) Safari/537.36"
100.94.189.227 - - [14/Jun/2024:13:23:44 +0000] "PUT /index.html HTTP/1.1" 200 47093 "-" "python-requests/2.28.0"
21.242.59.79 - - [14/Jun/2024:11:48:18 +0000] "DELETE /static/css/main.css HTTP/1.1" 304 9000 "-" "curl/7.68.0"
21.242.59.79 - - [14/Jun/2024:21:16:49 +0000] "GET /logout HTTP/1.1" 404 24525 "-" "curl/7.68.0"
23.129.64.214 - - [14/Jun/2024:16:40:31 +0000] "PUT /about HTTP/1.1" 500 20086 "-" "Mozilla/5.0 (Macintosh; Intel Mac OS X 10_15_7) Safari/537.36"
106.116.31.216 - - [14/Jun/2024:07:17:33 +0000] "POST /static/css/main.css HTTP/1.1" 301 9386 "-" "curl/7.68.0"
115.88.85.249 - - [14/Jun/2024:03:14:22 +0000] "GET /products HTTP/1.1" 404 11059 "-" "Mozilla/5.0 (Windows NT 10.0; Win64; x64) AppleWebKit/537.36"
37.205.19.102 - - [14/Jun/2024:21:49:47 +0000] "DELETE /static/css/main.css HTTP/1.1" 200 29714 "-" "python-requests/2.28.0"
147.242.19.45 - - [14/Jun/2024:06:30:44 +0000] "DELETE / HTTP/1.1" 301 20189 "-" "curl/7.68.0"
100.94.189.227 - - [14/Jun/2024:15:04:22 +0000] "GET /admin/dashboard HTTP/1.1" 200 8194 "-" "Mozilla/5.0 (Macintosh; Intel Mac OS X 10_15_7) Safari/537.36"
211.75.132.82 - - [14/Jun/2024:13:28:44 +0000] "PUT /login HTTP/1.1" 200 20096 "-" "curl/7.68.0"
76.245.102.25 - - [14/Jun/2024:07:05:25 +0000] "PUT /logout HTTP/1.1" 304 45773 "-" "Mozilla/5.0 (Macintosh; Intel Mac OS X 10_15_7) Safari/537.36"
91.240.118.172 - - [14/Jun/2024:10:29:57 +0000] "GET /about HTTP/1.1" 200 7341 "-" "Mozilla/5.0 (Macintosh; Intel Mac OS X 10_15_7) Safari/537.36"
100.94.189.227 - - [14/Jun/2024:13:00:43 +0000] "GET /products HTTP/1.1" 200 27493 "-" "curl/7.68.0"
85.121.25.191 - - [14/Jun/2024:20:43:56 +0000] "POST / HTTP/1.1" 200 516 "-" "Mozilla/5.0 (Windows NT 10.0; Win64; x64) AppleWebKit/537.36"
198.98.54.31 - - [14/Jun/2024:18:15:26 +0000] "GET /login HTTP/1.1" 404 34858 "-" "curl/7.68.0"
21.242.59.79 - - [14/Jun/2024:04:01:18 +0000] "PUT /static/js/app.js HTTP/1.1" 200 2868 "-" "Mozilla/5.0 (Macintosh; Intel Mac OS X 10_15_7) Safari/537.36"
45.33.32.156 - - [14/Jun/2024:03:12:48 +0000] "GET /.git/config HTTP/1.1" 404 1620 "-" "Nikto/2.1.6"
50.64.21.109 - - [14/Jun/2024:01:26:15 +0000] "DELETE /login HTTP/1.1" 304 19314 "-" "python-requests/2.28.0"
91.240.118.172 - - [14/Jun/2024:17:43:47 +0000] "GET / HTTP/1.1" 200 5841 "-" "curl/7.68.0"
121.250.135.24 - - [14/Jun/2024:09:55:37 +0000] "GET /products HTTP/1.1" 200 999 "-" "Mozilla/5.0 (Windows NT 10.0; Win64; x64) AppleWebKit/537.36"
45.33.32.156 - - [14/Jun/2024:03:12:02 +0000] "GET /.env HTTP/1.1" 200 676 "-" "Nikto/2.1.6"
145.51.146.223 - - [14/Jun/2024:16:52:56 +0000] "GET /api/v1/users HTTP/1.1" 200 49189 "-" "Mozilla/5.0 (Macintosh; Intel Mac OS X 10_15_7) Safari/537.36"
211.75.132.82 - - [14/Jun/2024:06:25:49 +0000] "GET /api/v1/products HTTP/1.1" 404 12517 "-" "curl/7.68.0"
21.242.59.79 - - [14/Jun/2024:01:04:55 +0000] "DELETE / HTTP/1.1" 500 4471 "-" "python-requests/2.28.0"
183.17.75.31 - - [14/Jun/2024:12:56:21 +0000] "POST /favicon.ico HTTP/1.1" 304 29138 "-" "Mozilla/5.0 (Macintosh; Intel Mac OS X 10_15_7) Safari/537.36"
183.17.75.31 - - [14/Jun/2024:15:36:46 +0000] "POST /profile HTTP/1.1" 301 33826 "-" "curl/7.68.0"
121.250.135.24 - - [14/Jun/2024:18:43:08 +0000] "POST /about HTTP/1.1" 200 37116 "-" "Mozilla/5.0 (Macintosh; Intel Mac OS X 10_15_7) Safari/537.36"
183.17.75.31 - - [14/Jun/2024:04:44:25 +0000] "GET /static/css/main.css HTTP/1.1" 200 18544 "-" "Mozilla/5.0 (Macintosh; Intel Mac OS X 10_15_7) Safari/537.36"
185.220.101.45 - - [14/Jun/2024:06:03:22 +0000] "GET /logout HTTP/1.1" 301 39279 "-" "Mozilla/5.0 (Windows NT 10.0; Win64; x64) AppleWebKit/537.36"
145.51.146.223 - - [14/Jun/2024:13:20:49 +0000] "DELETE /images/logo.png HTTP/1.1" 200 24588 "-" "curl/7.68.0"
193.32.162.55 - - [14/Jun/2024:05:30:48 +0000] "GET /api/v1/users?id=1 UNION SELECT username,password FROM users-- HTTP/1.1" 200 2515 "-" "sqlmap/1.7"
179.50.116.35 - - [14/Jun/2024:23:25:31 +0000] "GET /logout HTTP/1.1" 500 30755 "-" "python-requests/2.28.0"
198.98.54.31 - - [14/Jun/2024:13:35:16 +0000] "DELETE /static/css/main.css HTTP/1.1" 200 17009 "-" "Mozilla/5.0 (Macintosh; Intel Mac OS X 10_15_7) Safari/537.36"
179.50.116.35 - - [14/Jun/2024:12:23:25 +0000] "GET /index.html HTTP/1.1" 200 10128 "-" "Mozilla/5.0 (Macintosh; Intel Mac OS X 10_15_7) Safari/537.36"
185.220.101.45 - - [14/Jun/2024:12:11:44 +0000] "GET /images/logo.png HTTP/1.1" 200 16734 "-" "python-requests/2.28.0"
23.129.64.214 - - [14/Jun/2024:12:51:24 +0000] "POST /about HTTP/1.1" 304 10537 "-" "curl/7.68.0"
45.33.32.156 - - [14/Jun/2024:03:13:02 +0000] "GET /cgi-bin/test HTTP/1.1" 403 1692 "-" "Nikto/2.1.6"
21.242.59.79 - - [14/Jun/2024:15:40:42 +0000] "PUT /contact HTTP/1.1" 200 36830 "-" "Mozilla/5.0 (Macintosh; Intel Mac OS X 10_15_7) Safari/537.36"
45.33.32.156 - - [14/Jun/2024:03:12:42 +0000] "GET /config.php HTTP/1.1" 404 1821 "-" "Nikto/2.1.6"
76.245.102.25 - - [14/Jun/2024:19:42:52 +0000] "POST /api/v1/users HTTP/1.1" 304 20671 "-" "python-requests/2.28.0"
211.75.132.82 - - [14/Jun/2024:18:53:07 +0000] "POST /favicon.ico HTTP/1.1" 200 36549 "-" "python-requests/2.28.0"
37.205.19.102 - - [14/Jun/2024:19:31:40 +0000] "GET /about HTTP/1.1" 301 15248 "-" "curl/7.68.0"
106.116.31.216 - - [14/Jun/2024:09:06:18 +0000] "DELETE /static/js/app.js HTTP/1.1" 404 10747 "-" "Mozilla/5.0 (Windows NT 10.0; Win64; x64) AppleWebKit/537.36"
78.159.143.216 - - [14/Jun/2024:06:51:27 +0000] "POST /index.html HTTP/1.1" 200 25603 "-" "Mozilla/5.0 (Macintosh; Intel Mac OS X 10_15_7) Safari/537.36"
134.214.243.147 - - [14/Jun/2024:19:25:22 +0000] "DELETE /index.html HTTP/1.1" 200 35765 "-" "python-requests/2.28.0"
122.153.40.102 - - [14/Jun/2024:20:46:14 +0000] "PUT /profile HTTP/1.1" 200 48120 "-" "Mozilla/5.0 (Windows NT 10.0; Win64; x64) AppleWebKit/537.36"
100.94.189.227 - - [14/Jun/2024:01:39:21 +0000] "DELETE /logout HTTP/1.1" 304 4583 "-" "curl/7.68.0"
207.34.44.100 - - [14/Jun/2024:06:08:19 +0000] "GET /login HTTP/1.1" 500 5769 "-" "Mozilla/5.0 (Macintosh; Intel Mac OS X 10_15_7) Safari/537.36"
4.214.57.107 - - [14/Jun/2024:06:29:48 +0000] "POST /index.html HTTP/1.1" 200 35430 "-" "python-requests/2.28.0"
207.34.44.100 - - [14/Jun/2024:21:00:09 +0000] "DELETE /static/js/app.js HTTP/1.1" 304 11438 "-" "curl/7.68.0"
122.153.40.102 - - [14/Jun/2024:04:26:29 +0000] "GET /static/css/main.css HTTP/1.1" 200 21203 "-" "Mozilla/5.0 (Macintosh; Intel Mac OS X 10_15_7) Safari/537.36"
69.190.10.87 - - [14/Jun/2024:06:59:06 +0000] "DELETE / HTTP/1.1" 404 44416 "-" "curl/7.68.0"
142.166.141.134 - - [14/Jun/2024:10:18:48 +0000] "PUT /api/v1/products HTTP/1.1" 200 12387 "-" "Mozilla/5.0 (Windows NT 10.0; Win64; x64) AppleWebKit/537.36"
4.214.57.107 - - [14/Jun/2024:02:15:27 +0000] "GET /profile HTTP/1.1" 301 1931 "-" "curl/7.68.0"
37.205.19.102 - - [14/Jun/2024:12:50:57 +0000] "GET /products HTTP/1.1" 200 2315 "-" "curl/7.68.0"
145.51.146.223 - - [14/Jun/2024:15:09:15 +0000] "POST /favicon.ico HTTP/1.1" 200 13510 "-" "Mozilla/5.0 (Macintosh; Intel Mac OS X 10_15_7) Safari/537.36"
145.51.146.223 - - [14/Jun/2024:11:27:02 +0000] "GET /products HTTP/1.1" 301 5688 "-" "python-requests/2.28.0"
45.33.32.156 - - [14/Jun/2024:23:36:25 +0000] "GET /favicon.ico HTTP/1.1" 301 43117 "-" "python-requests/2.28.0"
45.33.32.156 - - [14/Jun/2024:03:13:42 +0000] "GET /.htaccess HTTP/1.1" 200 298 "-" "Nikto/2.1.6"
37.205.19.102 - - [14/Jun/2024:21:35:10 +0000] "GET /profile HTTP/1.1" 304 8256 "-" "curl/7.68.0"
48.228.22.68 - - [14/Jun/2024:21:24:05 +0000] "GET /index.html HTTP/1.1" 200 39005 "-" "Mozilla/5.0 (Windows NT 10.0; Win64; x64) AppleWebKit/537.36"
134.214.243.147 - - [14/Jun/2024:02:38:34 +0000] "PUT /index.html HTTP/1.1" 200 44949 "-" "curl/7.68.0"
48.228.22.68 - - [14/Jun/2024:10:49:43 +0000] "GET /profile HTTP/1.1" 301 41376 "-" "curl/7.68.0"
78.159.143.216 - - [14/Jun/2024:00:30:45 +0000] "GET /images/logo.png HTTP/1.1" 500 34801 "-" "Mozilla/5.0 (Macintosh; Intel Mac OS X 10_15_7) Safari/537.36"
179.50.116.35 - - [14/Jun/2024:10:30:52 +0000] "POST /api/v1/products HTTP/1.1" 404 20688 "-" "Mozilla/5.0 (Windows NT 10.0; Win64; x64) AppleWebKit/537.36"
37.205.19.102 - - [14/Jun/2024:17:43:33 +0000] "POST /profile HTTP/1.1" 304 432 "-" "Mozilla/5.0 (Macintosh; Intel Mac OS X 10_15_7) Safari/537.36"
85.121.25.191 - - [14/Jun/2024:15:14:56 +0000] "GET /logout HTTP/1.1" 404 40481 "-" "Mozilla/5.0 (Windows NT 10.0; Win64; x64) AppleWebKit/537.36"
50.64.21.109 - - [14/Jun/2024:04:54:37 +0000] "PUT /contact HTTP/1.1" 301 25907 "-" "Mozilla/5.0 (Macintosh; Intel Mac OS X 10_15_7) Safari/537.36"
147.242.19.45 - - [14/Jun/2024:13:31:19 +0000] "GET /contact HTTP/1.1" 200 32762 "-" "Mozilla/5.0 (Windows NT 10.0; Win64; x64) AppleWebKit/537.36"
45.33.32.156 - - [14/Jun/2024:03:13:40 +0000] "GET /robots.txt HTTP/1.1" 200 1675 "-" "Nikto/2.1.6"
207.34.44.100 - - [14/Jun/2024:00:49:06 +0000] "GET /static/js/app.js HTTP/1.1" 200 21029 "-" "Mozilla/5.0 (Macintosh; Intel Mac OS X 10_15_7) Safari/537.36"
211.75.132.82 - - [14/Jun/2024:23:33:39 +0000] "POST /contact HTTP/1.1" 304 45621 "-" "curl/7.68.0"
142.166.141.134 - - [14/Jun/2024:11:01:22 +0000] "PUT /index.html HTTP/1.1" 500 5014 "-" "python-requests/2.28.0"
69.190.10.87 - - [14/Jun/2024:23:56:54 +0000] "POST /static/css/main.css HTTP/1.1" 304 27601 "-" "curl/7.68.0"
185.220.101.45 - - [14/Jun/2024:13:41:17 +0000] "DELETE /static/css/main.css HTTP/1.1" 500 12108 "-" "Mozilla/5.0 (Windows NT 10.0; Win64; x64) AppleWebKit/537.36"
145.51.146.223 - - [14/Jun/2024:07:43:35 +0000] "POST /favicon.ico HTTP/1.1" 301 48241 "-" "curl/7.68.0"
185.220.101.45 - - [14/Jun/2024:04:40:05 +0000] "DELETE /contact HTTP/1.1" 200 18686 "-" "Mozilla/5.0 (Windows NT 10.0; Win64; x64) AppleWebKit/537.36"
100.94.189.227 - - [14/Jun/2024:15:13:51 +0000] "POST /images/logo.png HTTP/1.1" 200 1885 "-" "curl/7.68.0"
207.34.44.100 - - [14/Jun/2024:02:22:46 +0000] "GET /favicon.ico HTTP/1.1" 200 8351 "-" "curl/7.68.0"
142.166.141.134 - - [14/Jun/2024:20:51:07 +0000] "POST /logout HTTP/1.1" 304 5578 "-" "curl/7.68.0"
142.166.141.134 - - [14/Jun/2024:16:27:21 +0000] "GET /images/logo.png HTTP/1.1" 404 45431 "-" "Mozilla/5.0 (Windows NT 10.0; Win64; x64) AppleWebKit/537.36"
185.220.101.45 - - [14/Jun/2024:06:42:31 +0000] "GET /login HTTP/1.1" 404 4962 "-" "python-requests/2.28.0"
45.33.32.156 - - [14/Jun/2024:03:12:00 +0000] "GET /admin HTTP/1.1" 200 384 "-" "Nikto/2.1.6"
100.94.189.227 - - [14/Jun/2024:02:24:28 +0000] "POST /admin/dashboard HTTP/1.1" 304 32108 "-" "curl/7.68.0"
121.250.135.24 - - [14/Jun/2024:16:39:53 +0000] "DELETE /logout HTTP/1.1" 500 34677 "-" "Mozilla/5.0 (Windows NT 10.0; Win64; x64) AppleWebKit/537.36"
185.220.101.45 - - [14/Jun/2024:17:17:20 +0000] "GET /products HTTP/1.1" 500 9496 "-" "curl/7.68.0"
69.190.10.87 - - [14/Jun/2024:19:28:31 +0000] "GET /admin/dashboard HTTP/1.1" 301 25458 "-" "Mozilla/5.0 (Windows NT 10.0; Win64; x64) AppleWebKit/537.36"
147.242.19.45 - - [14/Jun/2024:03:17:05 +0000] "POST /images/logo.png HTTP/1.1" 200 40230 "-" "Mozilla/5.0 (Macintosh; Intel Mac OS X 10_15_7) Safari/537.36"
85.121.25.191 - - [14/Jun/2024:02:10:57 +0000] "GET /products HTTP/1.1" 404 33259 "-" "curl/7.68.0"
37.205.19.102 - - [14/Jun/2024:18:55:14 +0000] "GET /index.html HTTP/1.1" 500 39319 "-" "python-requests/2.28.0"
100.94.189.227 - - [14/Jun/2024:00:45:27 +0000] "GET /favicon.ico HTTP/1.1" 200 30752 "-" "curl/7.68.0"
122.153.40.102 - - [14/Jun/2024:00:55:12 +0000] "GET / HTTP/1.1" 404 3709 "-" "Mozilla/5.0 (Macintosh; Intel Mac OS X 10_15_7) Safari/537.36"
193.32.162.55 - - [14/Jun/2024:05:30:08 +0000] "GET /search?q=' OR 1=1-- HTTP/1.1" 500 2977 "-" "sqlmap/1.7"
142.166.141.134 - - [14/Jun/2024:04:03:41 +0000] "GET /profile HTTP/1.1" 304 48428 "-" "Mozilla/5.0 (Macintosh; Intel Mac OS X 10_15_7) Safari/537.36"
45.33.32.156 - - [14/Jun/2024:02:49:48 +0000] "POST /images/logo.png HTTP/1.1" 301 2786 "-" "Mozilla/5.0 (Macintosh; Intel Mac OS X 10_15_7) Safari/537.36"
147.242.19.45 - - [14/Jun/2024:19:09:05 +0000] "PUT /about HTTP/1.1" 301 5035 "-" "Mozilla/5.0 (Macintosh; Intel Mac OS X 10_15_7) Safari/537.36"
145.51.146.223 - - [14/Jun/2024:00:46:38 +0000] "POST /api/v1/users HTTP/1.1" 404 8829 "-" "curl/7.68.0"
122.153.40.102 - - [14/Jun/2024:05:51:08 +0000] "DELETE / HTTP/1.1" 500 5969 "-" "Mozilla/5.0 (Macintosh; Intel Mac OS X 10_15_7) Safari/537.36"
89.210.135.99 - - [14/Jun/2024:20:46:00 +0000] "PUT / HTTP/1.1" 301 30393 "-" "Mozilla/5.0 (Macintosh; Intel Mac OS X 10_15_7) Safari/537.36"
45.33.32.156 - - [14/Jun/2024:23:47:18 +0000] "GET /api/v1/products HTTP/1.1" 301 2348 "-" "Mozilla/5.0 (Windows NT 10.0; Win64; x64) AppleWebKit/537.36"
21.242.59.79 - - [14/Jun/2024:02:23:43 +0000] "DELETE / HTTP/1.1" 304 3421 "-" "curl/7.68.0"
121.250.135.24 - - [14/Jun/2024:06:52:42 +0000] "GET /contact HTTP/1.1" 200 2350 "-" "python-requests/2.28.0"
85.121.25.191 - - [14/Jun/2024:08:55:50 +0000] "DELETE /admin/dashboard HTTP/1.1" 304 29113 "-" "Mozilla/5.0 (Windows NT 10.0; Win64; x64) AppleWebKit/537.36"
50.64.21.109 - - [14/Jun/2024:12:08:41 +0000] "POST /favicon.ico HTTP/1.1" 200 1204 "-" "curl/7.68.0"
106.116.31.216 - - [14/Jun/2024:23:19:24 +0000] "GET /products HTTP/1.1" 404 46602 "-" "curl/7.68.0"
121.250.135.24 - - [14/Jun/2024:03:52:50 +0000] "POST /static/js/app.js HTTP/1.1" 304 16622 "-" "curl/7.68.0"
45.33.32.156 - - [14/Jun/2024:03:13:22 +0000] "GET /db.sql HTTP/1.1" 200 687 "-" "Nikto/2.1.6"
142.166.141.134 - - [14/Jun/2024:19:08:40 +0000] "DELETE /static/css/main.css HTTP/1.1" 200 3216 "-" "curl/7.68.0"
68.115.137.145 - - [14/Jun/2024:08:21:02 +0000] "DELETE /products HTTP/1.1" 301 41057 "-" "Mozilla/5.0 (Macintosh; Intel Mac OS X 10_15_7) Safari/537.36"
179.50.116.35 - - [14/Jun/2024:07:59:17 +0000] "GET /static/js/app.js HTTP/1.1" 200 45430 "-" "Mozilla/5.0 (Macintosh; Intel Mac OS X 10_15_7) Safari/537.36"
193.32.162.55 - - [14/Jun/2024:05:30:40 +0000] "GET /item?id=1 UNION SELECT null,table_name FROM information_schema.tables-- HTTP/1.1" 500 703 "-" "sqlmap/1.7"
69.190.10.87 - - [14/Jun/2024:00:44:48 +0000] "GET /about HTTP/1.1" 301 26371 "-" "curl/7.68.0"
147.242.19.45 - - [14/Jun/2024:04:56:19 +0000] "PUT /profile HTTP/1.1" 304 1897 "-" "Mozilla/5.0 (Macintosh; Intel Mac OS X 10_15_7) Safari/537.36"
185.220.101.45 - - [14/Jun/2024:14:35:06 +0000] "POST /about HTTP/1.1" 304 8594 "-" "Mozilla/5.0 (Macintosh; Intel Mac OS X 10_15_7) Safari/537.36"
4.214.57.107 - - [14/Jun/2024:20:49:32 +0000] "DELETE /products HTTP/1.1" 304 42281 "-" "Mozilla/5.0 (Windows NT 10.0; Win64; x64) AppleWebKit/537.36"
134.214.243.147 - - [14/Jun/2024:13:50:27 +0000] "DELETE /contact HTTP/1.1" 304 33444 "-" "curl/7.68.0"
78.159.143.216 - - [14/Jun/2024:20:30:25 +0000] "DELETE /static/css/main.css HTTP/1.1" 200 38243 "-" "Mozilla/5.0 (Windows NT 10.0; Win64; x64) AppleWebKit/537.36"
145.51.146.223 - - [14/Jun/2024:01:59:26 +0000] "DELETE /contact HTTP/1.1" 200 36223 "-" "python-requests/2.28.0"
193.32.162.55 - - [14/Jun/2024:05:32:48 +0000] "GET /products?cat=1; SELECT * FROM users-- HTTP/1.1" 200 506 "-" "sqlmap/1.7"
145.51.146.223 - - [14/Jun/2024:08:26:36 +0000] "GET /logout HTTP/1.1" 200 27656 "-" "curl/7.68.0"
115.88.85.249 - - [14/Jun/2024:10:42:38 +0000] "GET /static/js/app.js HTTP/1.1" 200 12253 "-" "Mozilla/5.0 (Macintosh; Intel Mac OS X 10_15_7) Safari/537.36"
45.33.32.156 - - [14/Jun/2024:03:12:34 +0000] "GET /actuator/env HTTP/1.1" 404 1400 "-" "Nikto/2.1.6"
4.214.57.107 - - [14/Jun/2024:18:40:56 +0000] "GET /products HTTP/1.1" 304 35464 "-" "Mozilla/5.0 (Macintosh; Intel Mac OS X 10_15_7) Safari/537.36"
185.220.101.45 - - [14/Jun/2024:23:17:43 +0000] "PUT /login HTTP/1.1" 301 15679 "-" "Mozilla/5.0 (Macintosh; Intel Mac OS X 10_15_7) Safari/537.36"
145.51.146.223 - - [14/Jun/2024:07:28:54 +0000] "DELETE /static/js/app.js HTTP/1.1" 200 19733 "-" "python-requests/2.28.0"
207.34.44.100 - - [14/Jun/2024:07:52:49 +0000] "POST /admin/dashboard HTTP/1.1" 301 18295 "-" "Mozilla/5.0 (Windows NT 10.0; Win64; x64) AppleWebKit/537.36"
91.240.118.172 - - [14/Jun/2024:02:35:51 +0000] "GET /api/v1/users HTTP/1.1" 200 20544 "-" "curl/7.68.0"
45.33.32.156 - - [14/Jun/2024:03:12:58 +0000] "GET /admin/login HTTP/1.1" 404 1703 "-" "Nikto/2.1.6"
145.51.146.223 - - [14/Jun/2024:16:58:42 +0000] "GET / HTTP/1.1" 200 21143 "-" "Mozilla/5.0 (Windows NT 10.0; Win64; x64) AppleWebKit/537.36"
134.214.243.147 - - [14/Jun/2024:21:06:29 +0000] "GET /about HTTP/1.1" 500 32809 "-" "Mozilla/5.0 (Macintosh; Intel Mac OS X 10_15_7) Safari/537.36"
185.220.101.45 - - [14/Jun/2024:13:54:30 +0000] "GET /index.html HTTP/1.1" 200 35506 "-" "Mozilla/5.0 (Macintosh; Intel Mac OS X 10_15_7) Safari/537.36"
145.51.146.223 - - [14/Jun/2024:02:15:30 +0000] "GET /contact HTTP/1.1" 500 35466 "-" "Mozilla/5.0 (Windows NT 10.0; Win64; x64) AppleWebKit/537.36"
85.121.25.191 - - [14/Jun/2024:09:34:31 +0000] "PUT /contact HTTP/1.1" 200 46100 "-" "python-requests/2.28.0"
115.88.85.249 - - [14/Jun/2024:04:32:33 +0000] "GET /profile HTTP/1.1" 200 29135 "-" "Mozilla/5.0 (Windows NT 10.0; Win64; x64) AppleWebKit/537.36"
185.220.101.45 - - [14/Jun/2024:10:45:45 +0000] "POST /api/v1/products HTTP/1.1" 301 48282 "-" "Mozilla/5.0 (Windows NT 10.0; Win64; x64) AppleWebKit/537.36"
91.240.118.172 - - [14/Jun/2024:15:25:50 +0000] "GET /contact HTTP/1.1" 200 21576 "-" "curl/7.68.0"
134.214.243.147 - - [14/Jun/2024:15:00:57 +0000] "PUT /logout HTTP/1.1" 200 45928 "-" "curl/7.68.0"
179.50.116.35 - - [14/Jun/2024:00:53:58 +0000] "PUT /admin/dashboard HTTP/1.1" 500 24573 "-" "python-requests/2.28.0"
76.245.102.25 - - [14/Jun/2024:03:04:06 +0000] "PUT /api/v1/users HTTP/1.1" 301 47520 "-" "Mozilla/5.0 (Macintosh; Intel Mac OS X 10_15_7) Safari/537.36"
121.250.135.24 - - [14/Jun/2024:13:30:14 +0000] "PUT / HTTP/1.1" 304 11755 "-" "curl/7.68.0"
145.51.146.223 - - [14/Jun/2024:16:30:09 +0000] "GET /images/logo.png HTTP/1.1" 200 42033 "-" "Mozilla/5.0 (Macintosh; Intel Mac OS X 10_15_7) Safari/537.36"
106.116.31.216 - - [14/Jun/2024:06:50:13 +0000] "GET /about HTTP/1.1" 200 35059 "-" "Mozilla/5.0 (Windows NT 10.0; Win64; x64) AppleWebKit/537.36"
147.242.19.45 - - [14/Jun/2024:08:58:05 +0000] "PUT /static/js/app.js HTTP/1.1" 500 8229 "-" "curl/7.68.0"
121.250.135.24 - - [14/Jun/2024:16:50:19 +0000] "GET /about HTTP/1.1" 404 44912 "-" "curl/7.68.0"
48.228.22.68 - - [14/Jun/2024:13:41:11 +0000] "POST /about HTTP/1.1" 500 440 "-" "curl/7.68.0"
76.245.102.25 - - [14/Jun/2024:04:13:23 +0000] "GET /login HTTP/1.1" 301 31210 "-" "curl/7.68.0"
76.245.102.25 - - [14/Jun/2024:04:38:36 +0000] "POST / HTTP/1.1" 200 40025 "-" "python-requests/2.28.0"
85.121.25.191 - - [14/Jun/2024:23:32:26 +0000] "GET /favicon.ico HTTP/1.1" 404 10076 "-" "Mozilla/5.0 (Windows NT 10.0; Win64; x64) AppleWebKit/537.36"
100.94.189.227 - - [14/Jun/2024:06:38:11 +0000] "DELETE /favicon.ico HTTP/1.1" 404 10058 "-" "Mozilla/5.0 (Macintosh; Intel Mac OS X 10_15_7) Safari/537.36"
185.220.101.45 - - [14/Jun/2024:00:11:42 +0000] "PUT /static/css/main.css HTTP/1.1" 301 19825 "-" "python-requests/2.28.0"
23.129.64.214 - - [14/Jun/2024:05:37:00 +0000] "DELETE /about HTTP/1.1" 200 760 "-" "Mozilla/5.0 (Windows NT 10.0; Win64; x64) AppleWebKit/537.36"
142.166.141.134 - - [14/Jun/2024:02:00:13 +0000] "DELETE /contact HTTP/1.1" 304 34500 "-" "Mozilla/5.0 (Macintosh; Intel Mac OS X 10_15_7) Safari/537.36"
50.64.21.109 - - [14/Jun/2024:01:03:29 +0000] "PUT /index.html HTTP/1.1" 200 15420 "-" "python-requests/2.28.0"
115.88.85.249 - - [14/Jun/2024:22:50:08 +0000] "PUT /profile HTTP/1.1" 200 30308 "-" "python-requests/2.28.0"
45.33.32.156 - - [14/Jun/2024:03:12:04 +0000] "GET /wp-admin HTTP/1.1" 404 648 "-" "Nikto/2.1.6"
100.94.189.227 - - [14/Jun/2024:22:51:57 +0000] "GET /static/css/main.css HTTP/1.1" 500 10953 "-" "curl/7.68.0"
69.190.10.87 - - [14/Jun/2024:10:01:27 +0000] "PUT /profile HTTP/1.1" 500 36341 "-" "Mozilla/5.0 (Macintosh; Intel Mac OS X 10_15_7) Safari/537.36"
69.190.10.87 - - [14/Jun/2024:21:55:18 +0000] "DELETE /static/js/app.js HTTP/1.1" 301 8595 "-" "curl/7.68.0"
185.220.101.45 - - [14/Jun/2024:04:22:45 +0000] "PUT /about HTTP/1.1" 200 18019 "-" "Mozilla/5.0 (Macintosh; Intel Mac OS X 10_15_7) Safari/537.36"
91.240.118.172 - - [14/Jun/2024:22:17:02 +0000] "DELETE /admin/dashboard HTTP/1.1" 500 19739 "-" "curl/7.68.0"
45.33.32.156 - - [14/Jun/2024:19:36:41 +0000] "DELETE /login HTTP/1.1" 404 8088 "-" "curl/7.68.0"
45.33.32.156 - - [14/Jun/2024:03:13:12 +0000] "GET /admin HTTP/1.1" 404 1856 "-" "Nikto/2.1.6"
21.242.59.79 - - [14/Jun/2024:05:54:30 +0000] "POST /profile HTTP/1.1" 500 2765 "-" "python-requests/2.28.0"
147.242.19.45 - - [14/Jun/2024:13:39:20 +0000] "PUT /profile HTTP/1.1" 404 16651 "-" "curl/7.68.0"
69.190.10.87 - - [14/Jun/2024:21:21:56 +0000] "GET /login HTTP/1.1" 200 16896 "-" "Mozilla/5.0 (Windows NT 10.0; Win64; x64) AppleWebKit/537.36"
106.116.31.216 - - [14/Jun/2024:07:29:48 +0000] "POST /logout HTTP/1.1" 500 43737 "-" "curl/7.68.0"
185.220.101.45 - - [14/Jun/2024:02:18:21 +0000] "DELETE /api/v1/users HTTP/1.1" 200 46174 "-" "Mozilla/5.0 (Macintosh; Intel Mac OS X 10_15_7) Safari/537.36"
48.228.22.68 - - [14/Jun/2024:03:24:25 +0000] "GET /about HTTP/1.1" 500 11029 "-" "curl/7.68.0"
185.220.101.45 - - [14/Jun/2024:23:49:59 +0000] "POST /api/v1/users HTTP/1.1" 200 3556 "-" "Mozilla/5.0 (Macintosh; Intel Mac OS X 10_15_7) Safari/537.36"
76.245.102.25 - - [14/Jun/2024:01:13:05 +0000] "PUT /login HTTP/1.1" 404 24155 "-" "Mozilla/5.0 (Windows NT 10.0; Win64; x64) AppleWebKit/537.36"
115.88.85.249 - - [14/Jun/2024:11:18:23 +0000] "POST /logout HTTP/1.1" 301 27657 "-" "Mozilla/5.0 (Windows NT 10.0; Win64; x64) AppleWebKit/537.36"
23.129.64.214 - - [14/Jun/2024:22:52:32 +0000] "GET /static/css/main.css HTTP/1.1" 200 7263 "-" "Mozilla/5.0 (Macintosh; Intel Mac OS X 10_15_7) Safari/537.36"
145.51.146.223 - - [14/Jun/2024:22:59:46 +0000] "DELETE /profile HTTP/1.1" 304 19380 "-" "python-requests/2.28.0"
142.166.141.134 - - [14/Jun/2024:05:53:57 +0000] "GET /products HTTP/1.1" 404 49103 "-" "Mozilla/5.0 (Windows NT 10.0; Win64; x64) AppleWebKit/537.36"
183.17.75.31 - - [14/Jun/2024:10:47:54 +0000] "GET /favicon.ico HTTP/1.1" 304 35549 "-" "Mozilla/5.0 (Macintosh; Intel Mac OS X 10_15_7) Safari/537.36"
142.166.141.134 - - [14/Jun/2024:14:35:13 +0000] "DELETE /logout HTTP/1.1" 200 46635 "-" "Mozilla/5.0 (Windows NT 10.0; Win64; x64) AppleWebKit/537.36"
121.250.135.24 - - [14/Jun/2024:01:27:33 +0000] "DELETE /logout HTTP/1.1" 200 20190 "-" "Mozilla/5.0 (Windows NT 10.0; Win64; x64) AppleWebKit/537.36"
69.190.10.87 - - [14/Jun/2024:03:12:16 +0000] "POST /login HTTP/1.1" 200 7779 "-" "python-requests/2.28.0"
23.129.64.214 - - [14/Jun/2024:12:45:19 +0000] "GET /static/js/app.js HTTP/1.1" 500 46848 "-" "Mozilla/5.0 (Macintosh; Intel Mac OS X 10_15_7) Safari/537.36"
48.228.22.68 - - [14/Jun/2024:16:58:02 +0000] "GET /static/js/app.js HTTP/1.1" 301 32129 "-" "curl/7.68.0"
50.64.21.109 - - [14/Jun/2024:00:34:47 +0000] "DELETE /products HTTP/1.1" 200 46091 "-" "python-requests/2.28.0"
100.94.189.227 - - [14/Jun/2024:20:08:56 +0000] "POST /contact HTTP/1.1" 304 2667 "-" "Mozilla/5.0 (Macintosh; Intel Mac OS X 10_15_7) Safari/537.36"
45.33.32.156 - - [14/Jun/2024:12:31:49 +0000] "GET /profile HTTP/1.1" 304 40003 "-" "Mozilla/5.0 (Macintosh; Intel Mac OS X 10_15_7) Safari/537.36"
91.240.118.172 - - [14/Jun/2024:14:09:16 +0000] "PUT /static/js/app.js HTTP/1.1" 200 32747 "-" "python-requests/2.28.0"
207.34.44.100 - - [14/Jun/2024:14:14:52 +0000] "GET /logout HTTP/1.1" 404 32157 "-" "python-requests/2.28.0"
89.210.135.99 - - [14/Jun/2024:23:56:48 +0000] "PUT /favicon.ico HTTP/1.1" 301 19844 "-" "curl/7.68.0"
207.34.44.100 - - [14/Jun/2024:21:03:33 +0000] "GET /static/css/main.css HTTP/1.1" 200 27439 "-" "curl/7.68.0"
68.115.137.145 - - [14/Jun/2024:06:41:56 +0000] "PUT /admin/dashboard HTTP/1.1" 200 12735 "-" "Mozilla/5.0 (Windows NT 10.0; Win64; x64) AppleWebKit/537.36"
207.34.44.100 - - [14/Jun/2024:03:15:03 +0000] "GET /static/css/main.css HTTP/1.1" 304 26489 "-" "Mozilla/5.0 (Macintosh; Intel Mac OS X 10_15_7) Safari/537.36"
179.50.116.35 - - [14/Jun/2024:13:42:06 +0000] "GET /logout HTTP/1.1" 301 23127 "-" "curl/7.68.0"
198.98.54.31 - - [14/Jun/2024:16:54:06 +0000] "POST /static/js/app.js HTTP/1.1" 200 44641 "-" "Mozilla/5.0 (Windows NT 10.0; Win64; x64) AppleWebKit/537.36"
48.228.22.68 - - [14/Jun/2024:07:06:52 +0000] "DELETE /profile HTTP/1.1" 200 4482 "-" "curl/7.68.0"
122.153.40.102 - - [14/Jun/2024:04:20:15 +0000] "POST /api/v1/users HTTP/1.1" 500 24663 "-" "python-requests/2.28.0"
211.75.132.82 - - [14/Jun/2024:21:25:20 +0000] "DELETE /static/css/main.css HTTP/1.1" 200 47507 "-" "Mozilla/5.0 (Macintosh; Intel Mac OS X 10_15_7) Safari/537.36"
183.17.75.31 - - [14/Jun/2024:15:48:45 +0000] "GET /admin/dashboard HTTP/1.1" 500 14858 "-" "Mozilla/5.0 (Windows NT 10.0; Win64; x64) AppleWebKit/537.36"
207.34.44.100 - - [14/Jun/2024:10:18:48 +0000] "GET /about HTTP/1.1" 200 20406 "-" "curl/7.68.0"
48.228.22.68 - - [14/Jun/2024:01:04:50 +0000] "GET /products HTTP/1.1" 200 14348 "-" "curl/7.68.0"
100.94.189.227 - - [14/Jun/2024:01:46:51 +0000] "GET / HTTP/1.1" 404 22873 "-" "Mozilla/5.0 (Windows NT 10.0; Win64; x64) AppleWebKit/537.36"
207.34.44.100 - - [14/Jun/2024:16:57:19 +0000] "GET /index.html HTTP/1.1" 500 45783 "-" "python-requests/2.28.0"
198.98.54.31 - - [14/Jun/2024:16:09:26 +0000] "GET /images/logo.png HTTP/1.1" 301 32771 "-" "Mozilla/5.0 (Macintosh; Intel Mac OS X 10_15_7) Safari/537.36"
21.242.59.79 - - [14/Jun/2024:03:53:03 +0000] "GET /static/js/app.js HTTP/1.1" 404 32287 "-" "Mozilla/5.0 (Windows NT 10.0; Win64; x64) AppleWebKit/537.36"
183.17.75.31 - - [14/Jun/2024:20:35:30 +0000] "GET /static/js/app.js HTTP/1.1" 404 31197 "-" "Mozilla/5.0 (Windows NT 10.0; Win64; x64) AppleWebKit/537.36"
37.205.19.102 - - [14/Jun/2024:03:18:33 +0000] "PUT /static/css/main.css HTTP/1.1" 404 19962 "-" "Mozilla/5.0 (Macintosh; Intel Mac OS X 10_15_7) Safari/537.36"
89.210.135.99 - - [14/Jun/2024:03:11:47 +0000] "POST /logout HTTP/1.1" 404 40137 "-" "Mozilla/5.0 (Macintosh; Intel Mac OS X 10_15_7) Safari/537.36"
21.242.59.79 - - [14/Jun/2024:14:30:19 +0000] "DELETE /about HTTP/1.1" 200 14120 "-" "curl/7.68.0"
45.33.32.156 - - [14/Jun/2024:18:41:16 +0000] "DELETE / HTTP/1.1" 301 8671 "-" "Mozilla/5.0 (Macintosh; Intel Mac OS X 10_15_7) Safari/537.36"
85.121.25.191 - - [14/Jun/2024:20:23:24 +0000] "GET /index.html HTTP/1.1" 500 18494 "-" "Mozilla/5.0 (Windows NT 10.0; Win64; x64) AppleWebKit/537.36"
122.153.40.102 - - [14/Jun/2024:16:10:37 +0000] "GET /logout HTTP/1.1" 200 31090 "-" "Mozilla/5.0 (Macintosh; Intel Mac OS X 10_15_7) Safari/537.36"
4.214.57.107 - - [14/Jun/2024:19:27:55 +0000] "POST /profile HTTP/1.1" 404 23494 "-" "curl/7.68.0"
121.250.135.24 - - [14/Jun/2024:20:04:41 +0000] "PUT /products HTTP/1.1" 200 26856 "-" "curl/7.68.0"
145.51.146.223 - - [14/Jun/2024:22:13:44 +0000] "GET /static/css/main.css HTTP/1.1" 200 47002 "-" "python-requests/2.28.0"
