106.116.31.216 - - [14/Jun/2024:00:04:47 +0000] "GET /admin/dashboard HTTP/1.1" 404 19135 "-" "curl/7.68.0"
211.75.132.82 - - [14/Jun/2024:05:30:26 +0000] "DELETE /static/js/app.js HTTP/1.1" 500 28835 "-" "Mozilla/5.0 (Windows NT 10.0; Win64; x64) AppleWebKit/537.36"
69.190.10.87 - - [14/Jun/2024:20:35:20 +0000] "DELETE /admin/dashboard HTTP/1.1" 200 10624 "-" "Mozilla/5.0 (Macintosh; Intel Mac OS X 10_15_7) Safari/537.36"
185.220.101.45 - - [14/Jun/2024:18:16:02 +0000] "POST /profile HTTP/1.1" 304 37771 "-" "curl/7.68.0"
91.240.118.172 - - [14/Jun/2024:20:02:31 +0000] "GET /login HTTP/1.1" 200 7996 "-" "curl/7.68.0"
37.205.19.102 - - [14/Jun/2024:08:21:19 +0000] "POST /images/logo.png HTTP/1.1" 500 24984 "-" "curl/7.68.0"
100.94.189.227 - - [14/Jun/2024:06:51:37 +0000] "POST / HTTP/1.1" 200 14701 "-" "Mozilla/5.0 (Macintosh; Intel Mac OS X 10_15_7) Safari/537.36"
122.153.40.102 - - [14/Jun/2024:11:23:32 +0000] "PUT /favicon.ico HTTP/1.1" 304 38915 "-" "Mozilla/5.0 (Windows NT 10.0; Win64; x64) AppleWebKit/537.36"
183.17.75.31 - - [14/Jun/2024:03:52:16 +0000] "PUT / HTTP/1.1" 200 25882 "-" "Mozilla/5.0 (Windows NT 10.0; Win64; x64) AppleWebKit/537.36"
50.64.21.109 - - [14/Jun/2024:09:48:31 +0000] "PUT /api/v1/users HTTP/1.1" 200 12052 "-" "python-requests/2.28.0"
45.33.32.156 - - [14/Jun/2024:10:22:44 +0000] "POST / HTTP/1.1" 200 37503 "-" "Mozilla/5.0 (Macintosh; Intel Mac OS X 10_15_7) Safari/537.36"
45.33.32.156 - - [14/Jun/2024:03:13:32 +0000] "GET /proc/self/environ HTTP/1.1" 200 743 "-" "Nikto/2.1.6"
121.250.135.24 - - [14/Jun/2024:05:24:38 +0000] "DELETE /profile HTTP/1.1" 200 16295 "-" "python-requests/2.28.0"
76.245.102.25 - - [14/Jun/2024:20:16:24 +0000] "GET /api/v1/users HTTP/1.1" 200 23399 "-" "Mozilla/5.0 (Macintosh; Intel Mac OS X 10_15_7) Safari/537.36"
193.32.162.55 - - [14/Jun/2024:05:32:24 +0000] "GET /api/v1/users?id=1 UNION SELECT username,password FROM users-- HTTP/1.1" 400 3452 "-" "sqlmap/1.7"
122.153.40.102 - - [14/Jun/2024:02:14:16 +0000] "GET /static/js/app.js HTTP/1.1" 404 9892 "-" "Mozilla/5.0 (Windows NT 10.0; Win64; x64) AppleWebKit/537.36"
45.33.32.156 - - [14/Jun/2024:03:12:52 +0000] "GET /shell.php HTTP/1.1" 404 657 "-" "Nikto/2.1.6"
142.166.141.134 - - [14/Jun/2024:05:16:54 +0000] "GET /admin/dashboard HTTP/1.1" 301 49332 "-" "python-requests/2.28.0"
4.214.57.107 - - [14/Jun/2024:02:17:17 +0000] "DELETE /index.html HTTP/1.1" 200 31455 "-" "python-requests/2.28.0"
68.115.137.145 - - [14/Jun/2024:06:12:36 +0000] "POST /static/css/main.css HTTP/1.1" 200 38184 "-" "Mozilla/5.0 (Macintosh; Intel Mac OS X 10_15_7) Safari/537.36"
45.33.32.156 - - [14/Jun/2024:03:13:06 +0000] "GET /.htaccess HTTP/1.1" 404 1001 "-" "Nikto/2.1.6"
45.33.32.156 - - [14/Jun/2024:03:12:06 +0000] "GET /config.php HTTP/1.1" 200 1278 "-" "Nikto/2.1.6"
89.210.135.99 - - [14/Jun/2024:09:09:43 +0000] "DELETE /favicon.ico HTTP/1.1" 200 13800 "-" "Mozilla/5.0 (Macintosh; Intel Mac OS X 10_15_7) Safari/537.36"
21.242.59.79 - - [14/Jun/2024:20:05:08 +0000] "GET /static/js/app.js HTTP/1.1" 304 5372 "-" "curl/7.68.0"
23.129.64.214 - - [14/Jun/2024:11:02:28 +0000] "POST / HTTP/1.1" 500 9363 "-" "Mozilla/5.0 (Macintosh; Intel Mac OS X 10_15_7) Safari/537.36"
115.88.85.249 - - [14/Jun/2024:16:24:08 +0000] "DELETE /static/css/main.css HTTP/1.1" 304 8823 "-" "python-requests/2.28.0"
21.242.59.79 - - [14/Jun/2024:18:57:22 +0000] "POST /login HTTP/1.1" 500 2779 "-" "Mozilla/5.0 (Macintosh; Intel Mac OS X 10_15_7) Safari/537.36"
21.242.59.79 - - [14/Jun/2024:06:22:19 +0000] "GET /images/logo.png HTTP/1.1" 200 13244 "-" "Mozilla/5.0 (Windows NT 10.0; Win64; x64) AppleWebKit/537.36"
134.214.243.147 - - [14/Jun/2024:22:32:03 +0000] "PUT /logout HTTP/1.1" 200 30422 "-" "Mozilla/5.0 (Macintosh; Intel Mac OS X 10_15_7) Safari/537.36"
145.51.146.223 - - [14/Jun/2024:13:20:33 +0000] "PUT /about HTTP/1.1" 301 44140 "-" "Mozilla/5.0 (Windows NT 10.0; Win64; x64) AppleWebKit/537.36"
50.64.21.109 - - [14/Jun/2024:04:15:27 +0000] "PUT /static/js/app.js HTTP/1.1" 200 29381 "-" "python-requests/2.28.0"
37.205.19.102 - - [14/Jun/2024:21:09:22 +0000] "DELETE /login HTTP/1.1" 404 39073 "-" "Mozilla/5.0 (Macintosh; Intel Mac OS X 10_15_7) Safari/537.36"
4.214.57.107 - - [14/Jun/2024:07:04:08 +0000] "GET /products HTTP/1.1" 200 22012 "-" "Mozilla/5.0 (Macintosh; Intel Mac OS X 10_15_7) Safari/537.36"
4.214.57.107 - - [14/Jun/2024:14:50:11 +0000] "GET /profile HTTP/1.1" 200 17639 "-" "Mozilla/5.0 (Windows NT 10.0; Win64; x64) AppleWebKit/537.36"
50.64.21.109 - - [14/Jun/2024:05:09:18 +0000] "DELETE / HTTP/1.1" 301 40525 "-" "Mozilla/5.0 (Windows NT 10.0; Win64; x64) AppleWebKit/537.36"
69.190.10.87 - - [14/Jun/2024:06:50:41 +0000] "GET /about HTTP/1.1" 200 18978 "-" "Mozilla/5.0 (Windows NT 10.0; Win64; x64) AppleWebKit/537.36"
211.75.132.82 - - [14/Jun/2024:21:02:55 +0000] "GET /index.html HTTP/1.1" 301 34194 "-" "python-requests/2.28.0"
4.214.57.107 - - [14/Jun/2024:06:22:53 +0000] "POST /login HTTP/1.1" 200 13219 "-" "curl/7.68.0"
142.166.141.134 - - [14/Jun/2024:07:57:04 +0000] "DELETE /index.html HTTP/1.1" 301 46884 "-" "curl/7.68.0"
45.33.32.156 - - [14/Jun/2024:15:14:51 +0000] "PUT /contact HTTP/1.1" 200 7700 "-" "Mozilla/5.0 (Windows NT 10.0; Win64; x64) AppleWebKit/537.36"
100.94.189.227 - - [14/Jun/2024:14:45:31 +0000] "GET /static/js/app.js HTTP/1.1" 301 46130 "-" "Mozilla/5.0 (Windows NT 10.0; Win64; x64) AppleWebKit/537.36"
23.129.64.214 - - [14/Jun/2024:12:28:59 +0000] "POST /images/logo.png HTTP/1.1" 200 9055 "-" "python-requests/2.28.0"
115.88.85.249 - - [14/Jun/2024:02:54:40 +0000] "DELETE / HTTP/1.1" 200 36570 "-" "python-requests/2.28.0"
89.210.135.99 - - [14/Jun/2024:16:07:45 +0000] "DELETE /profile HTTP/1.1" 404 17943 "-" "Mozilla/5.0 (Macintosh; Intel Mac OS X 10_15_7) Safari/537.36"
21.242.59.79 - - [14/Jun/2024:01:34:37 +0000] "DELETE / HTTP/1.1" 304 11526 "-" "Mozilla/5.0 (Macintosh; Intel Mac OS X 10_15_7) Safari/537.36"
91.240.118.172 - - [14/Jun/2024:16:14:39 +0000] "GET /static/js/app.js HTTP/1.1" 304 26394 "-" "python-requests/2.28.0"
183.17.75.31 - - [14/Jun/2024:23:03:20 +0000] "DELETE /api/v1/users HTTP/1.1" 304 15775 "-" "Mozilla/5.0 (Macintosh; Intel Mac OS X 10_15_7) Safari/537.36"
185.220.101.45 - - [14/Jun/2024:15:45:34 +0000] "DELETE /contact HTTP/1.1" 301 22659 "-" "python-requests/2.28.0"
23.129.64.214 - - [14/Jun/2024:02:11:18 +0000] "GET /images/logo.png HTTP/1.1" 404 40498 "-" "curl/7.68.0"
89.210.135.99 - - [14/Jun/2024:21:22:46 +0000] "POST /images/logo.png HTTP/1.1" 404 29487 "-" "curl/7.68.0"
76.245.102.25 - - [14/Jun/2024:22:19:12 +0000] "GET /logout HTTP/1.1" 500 706 "-" "python-requests/2.28.0"
198.98.54.31 - - [14/Jun/2024:20:45:43 +0000] "GET /images/logo.png HTTP/1.1" 301 32940 "-" "Mozilla/5.0 (Windows NT 10.0; Win64; x64) AppleWebKit/537.36"
183.17.75.31 - - [14/Jun/2024:19:31:08 +0000] "PUT /api/v1/users HTTP/1.1" 304 18059 "-" "python-requests/2.28.0"
45.33.32.156 - - [14/Jun/2024:03:12:40 +0000] "GET /wp-admin HTTP/1.1" 403 522 "-" "Nikto/2.1.6"
134.214.243.147 - - [14/Jun/2024:22:26:21 +0000] "GET /api/v1/users HTTP/1.1" 500 12985 "-" "Mozilla/5.0 (Windows NT 10.0; Win64; x64) AppleWebKit/537.36"
45.33.32.156 - - [14/Jun/2024:02:17:30 +0000] "GET /admin/dashboard HTTP/1.1" 304 42249 "-" "curl/7.68.0"
48.228.22.68 - - [14/Jun/2024:12:26:18 +0000] "POST /static/css/main.css HTTP/1.1" 200 1040 "-" "Mozilla/5.0 (Macintosh; Intel Mac OS X 10_15_7) Safari/537.36"
115.88.85.249 - - [14/Jun/2024:19:40:54 +0000] "GET /about HTTP/1.1" 200 30850 "-" "Mozilla/5.0 (Windows NT 10.0; Win64; x64) AppleWebKit/537.36"
76.245.102.25 - - [14/Jun/2024:00:43:29 +0000] "GET /api/v1/users HTTP/1.1" 304 19528 "-" "Mozilla/5.0 (Windows NT 10.0; Win64; x64) AppleWebKit/537.36"
50.64.21.109 - - [14/Jun/2024:11:55:14 +0000] "DELETE /static/js/app.js HTTP/1.1" 200 5933 "-" "Mozilla/5.0 (Macintosh; Intel Mac OS X 10_15_7) Safari/537.36"
50.64.21.109 - - [14/Jun/2024:16:28:22 +0000] "GET /index.html HTTP/1.1" 304 49353 "-" "Mozilla/5.0 (Windows NT 10.0; Win64; x64) AppleWebKit/537.36"
142.166.141.134 - - [14/Jun/2024:14:36:04 +0000] "POST /static/css/main.css HTTP/1.1" 200 9781 "-" "Mozilla/5.0 (Windows NT 10.0; Win64; x64) AppleWebKit/537.36"
198.98.54.31 - - [14/Jun/2024:07:51:38 +0000] "GET /index.html HTTP/1.1" 404 15139 "-" "python-requests/2.28.0"
78.159.143.216 - - [14/Jun/2024:05:05:50 +0000] "PUT /contact HTTP/1.1" 200 48073 "-" "Mozilla/5.0 (Windows NT 10.0; Win64; x64) AppleWebKit/537.36"
48.228.22.68 - - [14/Jun/2024:15:23:46 +0000] "GET /index.html HTTP/1.1" 200 14031 "-" "curl/7.68.0"
69.190.10.87 - - [14/Jun/2024:06:30:14 +0000] "GET /contact HTTP/1.1" 200 31809 "-" "Mozilla/5.0 (Macintosh; Intel Mac OS X 10_15_7) Safari/537.36"
106.116.31.216 - - [14/Jun/2024:16:29:54 +0000] "GET /images/logo.png HTTP/1.1" 404 38115 "-" "Mozilla/5.0 (Macintosh; Intel Mac OS X 10_15_7) Safari/537.36"
45.33.32.156 - - [14/Jun/2024:03:12:38 +0000] "GET /.env HTTP/1.1" 404 860 "-" "Nikto/2.1.6"
69.190.10.87 - - [14/Jun/2024:11:50:24 +0000] "POST /login HTTP/1.1" 500 35427 "-" "curl/7.68.0"
122.153.40.102 - - [14/Jun/2024:17:33:45 +0000] "GET /api/v1/users HTTP/1.1" 200 45485 "-" "python-requests/2.28.0"
106.116.31.216 - - [14/Jun/2024:21:32:56 +0000] "GET /index.html HTTP/1.1" 304 34803 "-" "python-requests/2.28.0"
89.210.135.99 - - [14/Jun/2024:05:43:02 +0000] "GET /favicon.ico HTTP/1.1" 301 49936 "-" "python-requests/2.28.0"
50.64.21.109 - - [14/Jun/2024:03:33:13 +0000] "GET /favicon.ico HTTP/1.1" 200 47525 "-" "Mozilla/5.0 (Macintosh; Intel Mac OS X 10_15_7) Safari/537.36"
198.98.54.31 - - [14/Jun/2024:01:49:59 +0000] "GET /logout HTTP/1.1" 404 24814 "-" "python-requests/2.28.0"
45.33.32.156 - - [14/Jun/2024:01:14:21 +0000] "PUT /index.html HTTP/1.1" 200 38937 "-" "Mozilla/5.0 (Macintosh; Intel Mac OS X 10_15_7) Safari/537.36"
76.245.102.25 - - [14/Jun/2024:16:44:08 +0000] "GET /about HTTP/1.1" 304 43215 "-" "curl/7.68.0"
207.34.44.100 - - [14/Jun/2024:18:00:40 +0000] "POST /static/css/main.css HTTP/1.1" 404 23118 "-" "curl/7.68.0"
91.240.118.172 - - [14/Jun/2024:07:13:59 +0000] "POST /api/v1/users HTTP/1.1" 200 25788 "-" "python-requests/2.28.0"
134.214.243.147 - - [14/Jun/2024:14:03:28 +0000] "GET /products HTTP/1.1" 200 23026 "-" "curl/7.68.0"
198.98.54.31 - - [14/Jun/2024:04:59:10 +0000] "GET /api/v1/users HTTP/1.1" 500 31778 "-" "python-requests/2.28.0"
21.242.59.79 - - [14/Jun/2024:01:52:38 +0000] "POST /api/v1/users HTTP/1.1" 301 40575 "-" "Mozilla/5.0 (Windows NT 10.0; Win64; x64) AppleWebKit/537.36"
134.214.243.147 - - [14/Jun/2024:08:44:36 +0000] "GET /static/js/app.js HTTP/1.1" 200 34532 "-" "python-requests/2.28.0"
48.228.22.68 - - [14/Jun/2024:03:34:31 +0000] "DELETE /static/css/main.css HTTP/1.1" 301 21682 "-" "curl/7.68.0"
48.228.22.68 - - [14/Jun/2024:19:15:15 +0000] "DELETE /contact HTTP/1.1" 200 11257 "-" "Mozilla/5.0 (Windows NT 10.0; Win64; x64) AppleWebKit/537.36"
69.190.10.87 - - [14/Jun/2024:05:30:15 +0000] "DELETE /admin/dashboard HTTP/1.1" 304 39602 "-" "Mozilla/5.0 (Windows NT 10.0; Win64; x64) AppleWebKit/537.36"
134.214.243.147 - - [14/Jun/2024:23:55:36 +0000] "DELETE /login HTTP/1.1" 200 6385 "-" "Mozilla/5.0 (Macintosh; Intel Mac OS X 10_15_7) Safari/537.36"
193.32.162.55 - - [14/Jun/2024:05:31:12 +0000] "GET /products?cat=1; SELECT * FROM users-- HTTP/1.1" 200 2900 "-" "sqlmap/1.7"
23.129.64.214 - - [14/Jun/2024:16:14:51 +0000] "DELETE /about HTTP/1.1" 200 8622 "-" "Mozilla/5.0 (Macintosh; Intel Mac OS X 10_15_7) Safari/537.36"
48.228.22.68 - - [14/Jun/2024:08:04:43 +0000] "GET / HTTP/1.1" 500 45201 "-" "curl/7.68.0"
91.240.118.172 - - [14/Jun/2024:16:02:27 +0000] "POST /profile HTTP/1.1" 200 39996 "-" "python-requests/2.28.0"
207.34.44.100 - - [14/Jun/2024:21:34:47 +0000] "GET /api/v1/products HTTP/1.1" 200 48961 "-" "curl/7.68.0"
4.214.57.107 - - [14/Jun/2024:13:39:43 +0000] "PUT /admin/dashboard HTTP/1.1" 200 37419 "-" "python-requests/2.28.0"
45.33.32.156 - - [14/Jun/2024:03:12:12 +0000] "GET /.git/config HTTP/1.1" 403 1851 "-" "Nikto/2.1.6"
91.240.118.172 - - [14/Jun/2024:02:59:00 +0000] "GET /api/v1/products HTTP/1.1" 200 31211 "-" "Mozilla/5.0 (Macintosh; Intel Mac OS X 10_15_7) Safari/537.36"
21.242.59.79 - - [14/Jun/2024:16:38:45 +0000] "DELETE /logout HTTP/1.1" 301 20686 "-" "Mozilla/5.0 (Windows NT 10.0; Win64; x64) AppleWebKit/537.36"
4.214.57.107 - - [14/Jun/2024:20:14:55 +0000] "GET /images/logo.png HTTP/1.1" 200 34914 "-" "python-requests/2.28.0"
78.159.143.216 - - [14/Jun/2024:15:47:21 +0000] "DELETE /about HTTP/1.1" 200 32124 "-" "curl/7.68.0"
48.228.22.68 - - [14/Jun/2024:06:53:52 +0000] "PUT /static/js/app.js HTTP/1.1" 200 37357 "-" "Mozilla/5.0 (Macintosh; Intel Mac OS X 10_15_7) Safari/537.36"
198.98.54.31 - - [14/Jun/2024:04:46:46 +0000] "GET / HTTP/1.1" 200 43486 "-" "curl/7.68.0"
121.250.135.24 - - [14/Jun/2024:15:29:29 +0000] "GET /login HTTP/1.1" 500 15237 "-" "Mozilla/5.0 (Windows NT 10.0; Win64; x64) AppleWebKit/537.36"
179.50.116.35 - - [14/Jun/2024:12:25:39 +0000] "GET /contact HTTP/1.1" 200 5126 "-" "curl/7.68.0"
207.34.44.100 - - [14/Jun/2024:21:11:09 +0000] "POST /images/logo.png HTTP/1.1" 304 13943 "-" "Mozilla/5.0 (Windows NT 10.0; Win64; x64) AppleWebKit/537.36"
211.75.132.82 - - [14/Jun/2024:17:24:54 +0000] "GET /logout HTTP/1.1" 200 25802 "-" "Mozilla/5.0 (Macintosh; Intel Mac OS X 10_15_7) Safari/537.36"
179.50.116.35 - - [14/Jun/2024:12:03:19 +0000] "GET / HTTP/1.1" 200 27325 "-" "Mozilla/5.0 (Macintosh; Intel Mac OS X 10_15_7) Safari/537.36"
145.51.146.223 - - [14/Jun/2024:00:44:34 +0000] "POST /static/css/main.css HTTP/1.1" 200 20743 "-" "python-requests/2.28.0"
183.17.75.31 - - [14/Jun/2024:12:48:38 +0000] "PUT /favicon.ico HTTP/1.1" 500 35895 "-" "curl/7.68.0"
115.88.85.249 - - [14/Jun/2024:23:59:56 +0000] "GET /images/logo.png HTTP/1.1" 200 17121 "-" "Mozilla/5.0 (Macintosh; Intel Mac OS X 10_15_7) Safari/537.36"
45.33.32.156 - - [14/Jun/2024:03:13:08 +0000] "GET /server-status HTTP/1.1" 404 266 "-" "Nikto/2.1.6"
48.228.22.68 - - [14/Jun/2024:17:26:26 +0000] "PUT /about HTTP/1.1" 404 26928 "-" "Mozilla/5.0 (Windows NT 10.0; Win64; x64) AppleWebKit/537.36"
69.190.10.87 - - [14/Jun/2024:22:57:09 +0000] "DELETE /api/v1/products HTTP/1.1" 301 32486 "-" "curl/7.68.0"
4.214.57.107 - - [14/Jun/2024:11:15:36 +0000] "DELETE /api/v1/users HTTP/1.1" 500 44908 "-" "Mozilla/5.0 (Windows NT 10.0; Win64; x64) AppleWebKit/537.36"
183.17.75.31 - - [14/Jun/2024:18:35:32 +0000] "POST /index.html HTTP/1.1" 301 43309 "-" "curl/7.68.0"
115.88.85.249 - - [14/Jun/2024:15:11:42 +0000] "GET /index.html HTTP/1.1" 500 8600 "-" "Mozilla/5.0 (Windows NT 10.0; Win64; x64) AppleWebKit/537.36"
198.98.54.31 - - [14/Jun/2024:20:00:34 +0000] "GET /products HTTP/1.1" 301 41846 "-" "curl/7.68.0"
185.220.101.45 - - [14/Jun/2024:01:22:39 +0000] "POST /products HTTP/1.1" 200 45878 "-" "curl/7.68.0"
198.98.54.31 - - [14/Jun/2024:20:09:29 +0000] "PUT /static/css/main.css HTTP/1.1" 304 10139 "-" "Mozilla/5.0 (Windows NT 10.0; Win64; x64) AppleWebKit/537.36"
106.116.31.216 - - [14/Jun/2024:06:20:43 +0000] "PUT /contact HTTP/1.1" 200 12844 "-" "Mozilla/5.0 (Windows NT 10.0; Win64; x64) AppleWebKit/537.36"
4.214.57.107 - - [14/Jun/2024:08:03:32 +0000] "GET /static/js/app.js HTTP/1.1" 200 17634 "-" "python-requests/2.28.0"
145.51.146.223 - - [14/Jun/2024:21:56:14 +0000] "DELETE /logout HTTP/1.1" 200 45973 "-" "curl/7.68.0"
134.214.243.147 - - [14/Jun/2024:10:34:45 +0000] "DELETE /api/v1/users HTTP/1.1" 301 48400 "-" "Mozilla/5.0 (Windows NT 10.0; Win64; x64) AppleWebKit/537.36"
211.75.132.82 - - [14/Jun/2024:06:12:24 +0000] "GET /static/js/app.js HTTP/1.1" 404 37074 "-" "Mozilla/5.0 (Macintosh; Intel Mac OS X 10_15_7) Safari/537.36"
134.214.243.147 - - [14/Jun/2024:11:12:32 +0000] "POST /products HTTP/1.1" 200 19894 "-" "Mozilla/5.0 (Windows NT 10.0; Win64; x64) AppleWebKit/537.36"
115.88.85.249 - - [14/Jun/2024:11:35:24 +0000] "PUT /api/v1/products HTTP/1.1" 200 31730 "-" "Mozilla/5.0 (Windows NT 10.0; Win64; x64) AppleWebKit/537.36"
211.75.132.82 - - [14/Jun/2024:21:58:18 +0000] "GET /profile HTTP/1.1" 500 44470 "-" "python-requests/2.28.0"
89.210.135.99 - - [14/Jun/2024:21:51:34 +0000] "GET /static/js/app.js HTTP/1.1" 500 29095 "-" "Mozilla/5.0 (Macintosh; Intel Mac OS X 10_15_7) Safari/537.36"
4.214.57.107 - - [14/Jun/2024:12:13:12 +0000] "GET /contact HTTP/1.1" 200 14636 "-" "curl/7.68.0"
85.121.25.191 - - [14/Jun/2024:03:39:19 +0000] "GET /favicon.ico HTTP/1.1" 200 33183 "-" "Mozilla/5.0 (Windows NT 10.0; Win64; x64) AppleWebKit/537.36"
100.94.189.227 - - [14/Jun/2024:00:21:16 +0000] "POST /login HTTP/1.1" 200 41330 "-" "curl/7.68.0"
147.242.19.45 - - [14/Jun/2024:18:03:07 +0000] "GET /favicon.ico HTTP/1.1" 200 36512 "-" "Mozilla/5.0 (Windows NT 10.0; Win64; x64) AppleWebKit/537.36"
211.75.132.82 - - [14/Jun/2024:23:26:39 +0000] "GET /contact HTTP/1.1" 304 35509 "-" "Mozilla/5.0 (Windows NT 10.0; Win64; x64) AppleWebKit/537.36"
68.115.137.145 - - [14/Jun/2024:14:46:37 +0000] "GET /about HTTP/1.1" 200 1815 "-" "Mozilla/5.0 (Macintosh; Intel Mac OS X 10_15_7) Safari/537.36"
91.240.118.172 - - [14/Jun/2024:00:21:36 +0000] "GET / HTTP/1.1" 304 7549 "-" "Mozilla/5.0 (Macintosh; Intel Mac OS X 10_15_7) Safari/537.36"
142.166.141.134 - - [14/Jun/2024:02:56:51 +0000] "GET /favicon.ico HTTP/1.1" 200 33733 "-" "curl/7.68.0"
211.75.132.82 - - [14/Jun/2024:03:29:21 +0000] "PUT /api/v1/users HTTP/1.1" 500 9418 "-" "Mozilla/5.0 (Windows NT 10.0; Win64; x64) AppleWebKit/537.36"
193.32.162.55 - - [14/Jun/2024:05:31:44 +0000] "GET /search?q=' OR 1=1-- HTTP/1.1" 500 353 "-" "sqlmap/1.7"
68.115.137.145 - - [14/Jun/2024:13:57:02 +0000] "DELETE /login HTTP/1.1" 404 41784 "-" "Mozilla/5.0 (Macintosh; Intel Mac OS X 10_15_7) Safari/537.36"
23.129.64.214 - - [14/Jun/2024:01:46:25 +0000] "GET /logout HTTP/1.1" 404 5034 "-" "Mozilla/5.0 (Macintosh; Intel Mac OS X 10_15_7) Safari/537.36"
185.220.101.45 - - [14/Jun/2024:06:36:10 +0000] "PUT /admin/dashboard HTTP/1.1" 200 49220 "-" "python-requests/2.28.0"
37.205.19.102 - - [14/Jun/2024:03:30:48 +0000] "GET /profile HTTP/1.1" 304 13461 "-" "Mozilla/5.0 (Macintosh; Intel Mac OS X 10_15_7) Safari/537.36"
69.190.10.87 - - [14/Jun/2024:07:41:44 +0000] "GET /images/logo.png HTTP/1.1" 404 18543 "-" "curl/7.68.0"
21.242.59.79 - - [14/Jun/2024:14:27:21 +0000] "GET /index.html HTTP/1.1" 301 35942 "-" "Mozilla/5.0 (Windows NT 10.0; Win64; x64) AppleWebKit/537.36"
106.116.31.216 - - [14/Jun/2024:00:30:00 +0000] "DELETE /images/logo.png HTTP/1.1" 200 19996 "-" "python-requests/2.28.0"
45.33.32.156 - - [14/Jun/2024:03:12:30 +0000] "GET /.htaccess HTTP/1.1" 404 348 "-" "Nikto/2.1.6"
147.242.19.45 - - [14/Jun/2024:09:43:13 +0000] "GET /products HTTP/1.1" 404 16420 "-" "Mozilla/5.0 (Macintosh; Intel Mac OS X 10_15_7) Safari/537.36"
50.64.21.109 - - [14/Jun/2024:12:38:24 +0000] "PUT /contact HTTP/1.1" 500 5869 "-" "python-requests/2.28.0"
198.98.54.31 - - [14/Jun/2024:02:30:27 +0000] "GET /login HTTP/1.1" 200 17258 "-" "curl/7.68.0"
23.129.64.214 - - [14/Jun/2024:19:17:26 +0000] "POST / HTTP/1.1" 500 9881 "-" "Mozilla/5.0 (Macintosh; Intel Mac OS X 10_15_7) Safari/537.36"
211.75.132.82 - - [14/Jun/2024:23:28:18 +0000] "GET /products HTTP/1.1" 404 4414 "-" "curl/7.68.0"
179.50.116.35 - - [14/Jun/2024:18:51:20 +0000] "GET /api/v1/products HTTP/1.1" 301 29795 "-" "Mozilla/5.0 (Windows NT 10.0; Win64; x64) AppleWebKit/537.36"
142.166.141.134 - - [14/Jun/2024:19:28:08 +0000] "GET /static/css/main.css HTTP/1.1" 200 43382 "-" "Mozilla/5.0 (Windows NT 10.0; Win64; x64) AppleWebKit/537.36"
69.190.10.87 - - [14/Jun/2024:06:41:54 +0000] "POST /login HTTP/1.1" 301 9012 "-" "Mozilla/5.0 (Macintosh; Intel Mac OS X 10_15_7) Safari/537.36"
142.166.141.134 - - [14/Jun/2024:20:25:53 +0000] "DELETE /logout HTTP/1.1" 200 15880 "-" "Mozilla/5.0 (Windows NT 10.0; Win64; x64) AppleWebKit/537.36"
78.159.143.216 - - [14/Jun/2024:20:23:35 +0000] "POST / HTTP/1.1" 301 42006 "-" "Mozilla/5.0 (Windows NT 10.0; Win64; x64) AppleWebKit/537.36"
85.121.25.191 - - [14/Jun/2024:20:26:15 +0000] "DELETE / HTTP/1.1" 200 43839 "-" "curl/7.68.0"
89.210.135.99 - - [14/Jun/2024:22:58:32 +0000] "DELETE /profile HTTP/1.1" 304 28506 "-" "curl/7.68.0"
100.94.189.227 - - [14/Jun/2024:18:06:50 +0000] "GET /static/js/app.js HTTP/1.1" 200 3540 "-" "curl/7.68.0"
147.242.19.45 - - [14/Jun/2024:06:33:59 +0000] "GET /login HTTP/1.1" 200 41355 "-" "Mozilla/5.0 (Macintosh; Intel Mac OS X 10_15_7) Safari/537.36"
91.240.118.172 - - [14/Jun/2024:01:03:04 +0000] "POST /admin/dashboard HTTP/1.1" 404 43223 "-" "python-requests/2.28.0"
23.129.64.214 - - [14/Jun/2024:19:25:45 +0000] "GET /profile HTTP/1.1" 200 26513 "-" "python-requests/2.28.0"
145.51.146.223 - - [14/Jun/2024:23:33:55 +0000] "GET /login HTTP/1.1" 200 49424 "-" "Mozilla/5.0 (Macintosh; Intel Mac OS X 10_15_7) Safari/537.36"
100.94.189.227 - - [14/Jun/2024:17:39:19 +0000] "PUT /admin/dashboard HTTP/1.1" 200 22468 "-" "Mozilla/5.0 (Windows NT 10.0; Win64; x64) AppleWebKit/537.36"
69.190.10.87 - - [14/Jun/2024:20:44:58 +0000] "GET /profile HTTP/1.1" 304 47769 "-" "curl/7.68.0"
185.220.101.45 - - [14/Jun/2024:11:38:08 +0000] "GET /favicon.ico HTTP/1.1" 200 42952 "-" "python-requests/2.28.0"
115.88.85.249 - - [14/Jun/2024:17:28:28 +0000] "POST /api/v1/users HTTP/1.1" 500 20019 "-" "python-requests/2.28.0"
193.32.162.55 - - [14/Jun/2024:05:31:20 +0000] "GET /api/data?filter=1 OR 1=1 HTTP/1.1" 400 3175 "-" "sqlmap/1.7"
122.153.40.102 - - [14/Jun/2024:11:41:05 +0000] "GET /api/v1/products HTTP/1.1" 200 35404 "-" "curl/7.68.0"
183.17.75.31 - - [14/Jun/2024:12:26:55 +0000] "GET /images/logo.png HTTP/1.1" 500 32662 "-" "curl/7.68.0"
45.33.32.156 - - [14/Jun/2024:03:12:28 +0000] "GET /robots.txt HTTP/1.1" 404 1962 "-" "Nikto/2.1.6"
45.33.32.156 - - [14/Jun/2024:03:12:56 +0000] "GET /proc/self/environ HTTP/1.1" 403 974 "-" "Nikto/2.1.6"
211.75.132.82 - - [14/Jun/2024:20:17:31 +0000] "DELETE /index.html HTTP/1.1" 200 20814 "-" "Mozilla/5.0 (Macintosh; Intel Mac OS X 10_15_7) Safari/537.36"
45.33.32.156 - - [14/Jun/2024:03:12:32 +0000] "GET /server-status HTTP/1.1" 404 1642 "-" "Nikto/2.1.6"
89.210.135.99 - - [14/Jun/2024:02:01:19 +0000] "GET /logout HTTP/1.1" 304 24994 "-" "Mozilla/5.0 (Windows NT 10.0; Win64; x64) AppleWebKit/537.36"
37.205.19.102 - - [14/Jun/2024:06:28:49 +0000] "GET /logout HTTP/1.1" 200 37680 "-" "Mozilla/5.0 (Macintosh; Intel Mac OS X 10_15_7) Safari/537.36"
121.250.135.24 - - [14/Jun/2024:07:42:03 +0000] "GET /about HTTP/1.1" 200 39454 "-" "Mozilla/5.0 (Windows NT 10.0; Win64; x64) AppleWebKit/537.36"
185.220.101.45 - - [14/Jun/2024:04:51:39 +0000] "GET /static/js/app.js HTTP/1.1" 304 21468 "-" "curl/7.68.0"
78.159.143.216 - - [14/Jun/2024:14:38:11 +0000] "DELETE /favicon.ico HTTP/1.1" 304 19944 "-" "curl/7.68.0"
76.245.102.25 - - [14/Jun/2024:21:10:38 +0000] "GET /api/v1/users HTTP/1.1" 301 45434 "-" "Mozilla/5.0 (Macintosh; Intel Mac OS X 10_15_7) Safari/537.36"
69.190.10.87 - - [14/Jun/2024:05:25:27 +0000] "DELETE /api/v1/users HTTP/1.1" 200 40944 "-" "python-requests/2.28.0"
45.33.32.156 - - [14/Jun/2024:03:13:38 +0000] "GET /cgi-bin/test HTTP/1.1" 404 1811 "-" "Nikto/2.1.6"
45.33.32.156 - - [14/Jun/2024:03:12:08 +0000] "GET /backup.zip HTTP/1.1" 404 201 "-" "Nikto/2.1.6"
45.33.32.156 - - [14/Jun/2024:03:13:46 +0000] "GET /actuator/env HTTP/1.1" 404 540 "-" "Nikto/2.1.6"
21.242.59.79 - - [14/Jun/2024:03:19:12 +0000] "DELETE /login HTTP/1.1" 404 23785 "-" "Mozilla/5.0 (Windows NT 10.0; Win64; x64) AppleWebKit/537.36"
106.116.31.216 - - [14/Jun/2024:12:55:44 +0000] "DELETE /logout HTTP/1.1" 301 48268 "-" "python-requests/2.28.0"
76.245.102.25 - - [14/Jun/2024:05:34:39 +0000] "DELETE /favicon.ico HTTP/1.1" 301 29203 "-" "Mozilla/5.0 (Windows NT 10.0; Win64; x64) AppleWebKit/537.36"
37.205.19.102 - - [14/Jun/2024:15:18:32 +0000] "GET /api/v1/users HTTP/1.1" 200 38375 "-" "curl/7.68.0"
91.240.118.172 - - [14/Jun/2024:04:56:36 +0000] "GET /static/js/app.js HTTP/1.1" 500 27253 "-" "python-requests/2.28.0"
45.33.32.156 - - [14/Jun/2024:03:13:36 +0000] "GET /manager/html HTTP/1.1" 200 917 "-" "Nikto/2.1.6"
145.51.146.223 - - [14/Jun/2024:13:33:35 +0000] "POST /api/v1/users HTTP/1.1" 404 43581 "-" "Mozilla/5.0 (Macintosh; Intel Mac OS X 10_15_7) Safari/537.36"
142.166.141.134 - - [14/Jun/2024:06:04:00 +0000] "GET /api/v1/users HTTP/1.1" 301 13222 "-" "python-requests/2.28.0"
21.242.59.79 - - [14/Jun/2024:02:22:49 +0000] "GET /profile HTTP/1.1" 200 12428 "-" "Mozilla/5.0 (Macintosh; Intel Mac OS X 10_15_7) Safari/537.36"
45.33.32.156 - - [14/Jun/2024:03:13:10 +0000] "GET /actuator/env HTTP/1.1" 403 1433 "-" "Nikto/2.1.6"
106.116.31.216 - - [14/Jun/2024:07:02:42 +0000] "POST /login HTTP/1.1" 200 40392 "-" "curl/7.68.0"
76.245.102.25 - - [14/Jun/2024:20:06:08 +0000] "GET /favicon.ico HTTP/1.1" 200 13309 "-" "python-requests/2.28.0"
45.33.32.156 - - [14/Jun/2024:16:31:57 +0000] "DELETE /logout HTTP/1.1" 301 48080 "-" "Mozilla/5.0 (Macintosh; Intel Mac OS X 10_15_7) Safari/537.36"
183.17.75.31 - - [14/Jun/2024:14:18:40 +0000] "GET /login HTTP/1.1" 200 11722 "-" "python-requests/2.28.0"
211.75.132.82 - - [14/Jun/2024:23:58:53 +0000] "GET /static/js/app.js HTTP/1.1" 500 2767 "-" "python-requests/2.28.0"
106.116.31.216 - - [14/Jun/2024:03:05:12 +0000] "GET /api/v1/products HTTP/1.1" 500 10769 "-" "python-requests/2.28.0"
183.17.75.31 - - [14/Jun/2024:20:10:02 +0000] "GET /admin/dashboard HTTP/1.1" 301 12372 "-" "Mozilla/5.0 (Windows NT 10.0; Win64; x64) AppleWebKit/537.36"
142.166.141.134 - - [14/Jun/2024:15:10:27 +0000] "DELETE /index.html HTTP/1.1" 200 28948 "-" "Mozilla/5.0 (Macintosh; Intel Mac OS X 10_15_7) Safari/537.36"
179.50.116.35 - - [14/Jun/2024:12:34:18 +0000] "DELETE /about HTTP/1.1" 404 42604 "-" "Mozilla/5.0 (Macintosh; Intel Mac OS X 10_15_7) Safari/537.36"
121.250.135.24 - - [14/Jun/2024:11:39:08 +0000] "POST /profile HTTP/1.1" 200 16903 "-" "python-requests/2.28.0"
37.205.19.102 - - [14/Jun/2024:18:22:24 +0000] "GET /api/v1/products HTTP/1.1" 404 35386 "-" "curl/7.68.0"
185.220.101.45 - - [14/Jun/2024:03:40:35 +0000] "PUT /products HTTP/1.1" 304 39690 "-" "Mozilla/5.0 (Macintosh; Intel Mac OS X 10_15_7) Safari/537.36"
179.50.116.35 - - [14/Jun/2024:01:50:08 +0000] "POST /images/logo.png HTTP/1.1" 301 49529 "-" "Mozilla/5.0 (Windows NT 10.0; Win64; x64) AppleWebKit/537.36"
37.205.19.102 - - [14/Jun/2024:12:42:07 +0000] "DELETE /static/css/main.css HTTP/1.1" 200 40970 "-" "curl/7.68.0"
85.121.25.191 - - [14/Jun/2024:06:11:20 +0000] "DELETE /profile HTTP/1.1" 304 11870 "-" "curl/7.68.0"
45.33.32.156 - - [14/Jun/2024:03:12:36 +0000] "GET /admin HTTP/1.1" 200 889 "-" "Nikto/2.1.6"
211.75.132.82 - - [14/Jun/2024:12:49:28 +0000] "POST /static/css/main.css HTTP/1.1" 304 43722 "-" "python-requests/2.28.0"
198.98.54.31 - - [14/Jun/2024:00:09:28 +0000] "DELETE / HTTP/1.1" 304 28364 "-" "python-requests/2.28.0"
85.121.25.191 - - [14/Jun/2024:19:35:04 +0000] "PUT /products HTTP/1.1" 404 29017 "-" "python-requests/2.28.0"
48.228.22.68 - - [14/Jun/2024:06:23:40 +0000] "GET /admin/dashboard HTTP/1.1" 200 44071 "-" "python-requests/2.28.0"
142.166.141.134 - - [14/Jun/2024:06:35:58 +0000] "POST /images/logo.png HTTP/1.1" 200 40065 "-" "Mozilla/5.0 (Windows NT 10.0; Win64; x64) AppleWebKit/537.36"
183.17.75.31 - - [14/Jun/2024:06:03:41 +0000] "GET /static/css/main.css HTTP/1.1" 200 45216 "-" "Mozilla/5.0 (Macintosh; Intel Mac OS X 10_15_7) Safari/537.36"
198.98.54.31 - - [14/Jun/2024:22:55:15 +0000] "GET /profile HTTP/1.1" 304 9624 "-" "Mozilla/5.0 (Windows NT 10.0; Win64; x64) AppleWebKit/537.36"
179.50.116.35 - - [14/Jun/2024:03:32:41 +0000] "PUT /static/js/app.js HTTP/1.1" 200 28297 "-" "curl/7.68.0"
198.98.54.31 - - [14/Jun/2024:08:38:34 +0000] "PUT /admin/dashboard HTTP/1.1" 200 27660 "-" "curl/7.68.0"
193.32.162.55 - - [14/Jun/2024:05:32:00 +0000] "GET /products?cat=1; SELECT * FROM users-- HTTP/1.1" 500 1386 "-" "sqlmap/1.7"
115.88.85.249 - - [14/Jun/2024:16:56:58 +0000] "POST /about HTTP/1.1" 500 22516 "-" "Mozilla/5.0 (Macintosh; Intel Mac OS X 10_15_7) Safari/537.36"
89.210.135.99 - - [14/Jun/2024:07:28:14 +0000] "GET /login HTTP/1.1" 301 46771 "-" "Mozilla/5.0 (Windows NT 10.0; Win64; x64) AppleWebKit/537.36"
183.17.75.31 - - [14/Jun/2024:06:19:05 +0000] "PUT /profile HTTP/1.1" 404 46091 "-" "python-requests/2.28.0"
69.190.10.87 - - [14/Jun/2024:06:56:15 +0000] "GET /products HTTP/1.1" 404 32385 "-" "python-requests/2.28.0"
85.121.25.191 - - [14/Jun/2024:13:34:00 +0000] "GET /about HTTP/1.1" 200 26265 "-" "python-requests/2.28.0"
23.129.64.214 - - [14/Jun/2024:12:32:14 +0000] "GET /index.html HTTP/1.1" 301 32986 "-" "curl/7.68.0"
23.129.64.214 - - [14/Jun/2024:03:08:04 +0000] "POST /about HTTP/1.1" 301 27648 "-" "Mozilla/5.0 (Windows NT 10.0; Win64; x64) AppleWebKit/537.36"
45.33.32.156 - - [14/Jun/2024:03:12:20 +0000] "GET /proc/self/environ HTTP/1.1" 200 502 "-" "Nikto/2.1.6"
45.33.32.156 - - [14/Jun/2024:03:13:16 +0000] "GET /wp-admin HTTP/1.1" 404 413 "-" "Nikto/2.1.6"
185.220.101.45 - - [14/Jun/2024:04:05:49 +0000] "POST /api/v1/products HTTP/1.1" 200 22826 "-" "Mozilla/5.0 (Macintosh; Intel Mac OS X 10_15_7) Safari/537.36"
91.240.118.172 - - [14/Jun/2024:18:42:37 +0000] "GET /about HTTP/1.1" 500 35256 "-" "Mozilla/5.0 (Windows NT 10.0; Win64; x64) AppleWebKit/537.36"
4.214.57.107 - - [14/Jun/2024:04:31:16 +0000] "DELETE /profile HTTP/1.1" 200 27338 "-" "Mozilla/5.0 (Macintosh; Intel Mac OS X 10_15_7) Safari/537.36"
185.220.101.45 - - [14/Jun/2024:14:10:03 +0000] "GET /profile HTTP/1.1" 200 10394 "-" "Mozilla/5.0 (Windows NT 10.0; Win64; x64) AppleWebKit/537.36"
179.50.116.35 - - [14/Jun/2024:09:45:18 +0000] "DELETE /logout HTTP/1.1" 500 40266 "-" "python-requests/2.28.0"
198.98.54.31 - - [14/Jun/2024:17:56:55 +0000] "PUT /api/v1/products HTTP/1.1" 200 17648 "-" "Mozilla/5.0 (Windows NT 10.0; Win64; x64) AppleWebKit/537.36"
193.32.162.55 - - [14/Jun/2024:05:32:40 +0000] "GET /login?user=admin'--&pass=x HTTP/1.1" 500 2045 "-" "sqlmap/1.7"
100.94.189.227 - - [14/Jun/2024:23:46:37 +0000] "GET / HTTP/1.1" 301 17911 "-" "curl/7.68.0"
89.210.135.99 - - [14/Jun/2024:17:09:06 +0000] "POST /profile HTTP/1.1" 500 21805 "-" "python-requests/2.28.0"
45.33.32.156 - - [14/Jun/2024:03:13:30 +0000] "GET /etc/passwd HTTP/1.1" 404 1114 "-" "Nikto/2.1.6"
207.34.44.100 - - [14/Jun/2024:15:51:02 +0000] "GET /logout HTTP/1.1" 404 15476 "-" "Mozilla/5.0 (Macintosh; Intel Mac OS X 10_15_7) Safari/537.36"
183.17.75.31 - - [14/Jun/2024:11:10:12 +0000] "DELETE /about HTTP/1.1" 200 40270 "-" "curl/7.68.0"
183.17.75.31 - - [14/Jun/2024:19:00:25 +0000] "GET /admin/dashboard HTTP/1.1" 200 45720 "-" "python-requests/2.28.0"
142.166.141.134 - - [14/Jun/2024:15:14:35 +0000] "DELETE /images/logo.png HTTP/1.1" 200 17930 "-" "python-requests/2.28.0"
211.75.132.82 - - [14/Jun/2024:18:56:59 +0000] "GET /contact HTTP/1.1" 200 33532 "-" "curl/7.68.0"
122.153.40.102 - - [14/Jun/2024:08:24:59 +0000] "PUT /favicon.ico HTTP/1.1" 200 20673 "-" "python-requests/2.28.0"
198.98.54.31 - - [14/Jun/2024:06:11:04 +0000] "POST /profile HTTP/1.1" 200 30676 "-" "Mozilla/5.0 (Macintosh; Intel Mac OS X 10_15_7) Safari/537.36"
207.34.44.100 - - [14/Jun/2024:14:35:35 +0000] "POST /contact HTTP/1.1" 304 15970 "-" "Mozilla/5.0 (Macintosh; Intel Mac OS X 10_15_7) Safari/537.36"
78.159.143.216 - - [14/Jun/2024:17:11:34 +0000] "GET /logout HTTP/1.1" 200 44610 "-" "python-requests/2.28.0"
89.210.135.99 - - [14/Jun/2024:10:56:24 +0000] "POST /images/logo.png HTTP/1.1" 500 21028 "-" "curl/7.68.0"
122.153.40.102 - - [14/Jun/2024:03:49:45 +0000] "POST /logout HTTP/1.1" 404 44336 "-" "Mozilla/5.0 (Windows NT 10.0; Win64; x64) AppleWebKit/537.36"
85.121.25.191 - - [14/Jun/2024:23:47:44 +0000] "GET / HTTP/1.1" 404 7588 "-" "python-requests/2.28.0"
21.242.59.79 - - [14/Jun/2024:13:51:22 +0000] "POST /api/v1/users HTTP/1.1" 200 26996 "-" "curl/7.68.0"
179.50.116.35 - - [14/Jun/2024:20:24:50 +0000] "DELETE / HTTP/1.1" 200 16213 "-" "curl/7.68.0"
122.153.40.102 - - [14/Jun/2024:03:51:24 +0000] "GET /index.html HTTP/1.1" 301 25684 "-" "Mozilla/5.0 (Macintosh; Intel Mac OS X 10_15_7) Safari/537.36"
121.250.135.24 - - [14/Jun/2024:21:16:08 +0000] "PUT /static/css/main.css HTTP/1.1" 200 20731 "-" "python-requests/2.28.0"
193.32.162.55 - - [14/Jun/2024:05:31:52 +0000] "GET /login?user=admin'--&pass=x HTTP/1.1" 500 1451 "-" "sqlmap/1.7"
185.220.101.45 - - [14/Jun/2024:04:26:55 +0000] "POST /login HTTP/1.1" 200 41180 "-" "Mozilla/5.0 (Macintosh; Intel Mac OS X 10_15_7) Safari/537.36"
183.17.75.31 - - [14/Jun/2024:16:00:02 +0000] "GET /admin/dashboard HTTP/1.1" 304 3665 "-" "python-requests/2.28.0"
106.116.31.216 - - [14/Jun/2024:08:12:28 +0000] "GET /profile HTTP/1.1" 200 33001 "-" "python-requests/2.28.0"
207.34.44.100 - - [14/Jun/2024:14:45:43 +0000] "GET /logout HTTP/1.1" 200 48295 "-" "Mozilla/5.0 (Windows NT 10.0; Win64; x64) AppleWebKit/537.36"
185.220.101.45 - - [14/Jun/2024:03:53:39 +0000] "PUT /contact HTTP/1.1" 200 7913 "-" "python-requests/2.28.0"
183.17.75.31 - - [14/Jun/2024:08:23:11 +0000] "GET /favicon.ico HTTP/1.1" 200 31556 "-" "python-requests/2.28.0"
45.33.32.156 - - [14/Jun/2024:03:13:28 +0000] "GET /shell.php HTTP/1.1" 200 1882 "-" "Nikto/2.1.6"
91.240.118.172 - - [14/Jun/2024:09:33:33 +0000] "POST /logout HTTP/1.1" 301 45735 "-" "Mozilla/5.0 (Macintosh; Intel Mac OS X 10_15_7) Safari/537.36"
121.250.135.24 - - [14/Jun/2024:06:51:28 +0000] "PUT /images/logo.png HTTP/1.1" 200 3720 "-" "python-requests/2.28.0"
45.33.32.156 - - [14/Jun/2024:03:13:13 +0000] "POST /static/js/app.js HTTP/1.1" 200 27165 "-" "Mozilla/5.0 (Macintosh; Intel Mac OS X 10_15_7) Safari/537.36"
100.94.189.227 - - [14/Jun/2024:04:44:08 +0000] "PUT /admin/dashboard HTTP/1.1" 200 369 "-" "curl/7.68.0"
37.205.19.102 - - [14/Jun/2024:11:49:18 +0000] "POST /about HTTP/1.1" 301 45193 "-" "Mozilla/5.0 (Windows NT 10.0; Win64; x64) AppleWebKit/537.36"
89.210.135.99 - - [14/Jun/2024:16:34:42 +0000] "PUT /api/v1/users HTTP/1.1" 200 6103 "-" "curl/7.68.0"
100.94.189.227 - - [14/Jun/2024:00:29:03 +0000] "DELETE /login HTTP/1.1" 301 45338 "-" "python-requests/2.28.0"
48.228.22.68 - - [14/Jun/2024:14:48:16 +0000] "GET /api/v1/users HTTP/1.1" 200 15667 "-" "Mozilla/5.0 (Windows NT 10.0; Win64; x64) AppleWebKit/537.36"
147.242.19.45 - - [14/Jun/2024:05:31:11 +0000] "PUT /api/v1/products HTTP/1.1" 500 14954 "-" "Mozilla/5.0 (Macintosh; Intel Mac OS X 10_15_7) Safari/537.36"
142.166.141.134 - - [14/Jun/2024:05:26:43 +0000] "GET /about HTTP/1.1" 301 40288 "-" "Mozilla/5.0 (Windows NT 10.0; Win64; x64) AppleWebKit/537.36"
121.250.135.24 - - [14/Jun/2024:08:12:47 +0000] "GET /profile HTTP/1.1" 301 43052 "-" "Mozilla/5.0 (Macintosh; Intel Mac OS X 10_15_7) Safari/537.36"
85.121.25.191 - - [14/Jun/2024:13:03:33 +0000] "POST /index.html HTTP/1.1" 304 44271 "-" "Mozilla/5.0 (Macintosh; Intel Mac OS X 10_15_7) Safari/537.36"
89.210.135.99 - - [14/Jun/2024:15:35:13 +0000] "GET /contact HTTP/1.1" 200 28458 "-" "Mozilla/5.0 (Macintosh; Intel Mac OS X 10_15_7) Safari/537.36"
21.242.59.79 - - [14/Jun/2024:14:50:22 +0000] "GET /index.html HTTP/1.1" 301 7229 "-" "Mozilla/5.0 (Macintosh; Intel Mac OS X 10_15_7) Safari/537.36"
48.228.22.68 - - [14/Jun/2024:15:26:07 +0000] "POST /favicon.ico HTTP/1.1" 500 24399 "-" "curl/7.68.0"
21.242.59.79 - - [14/Jun/2024:21:17:17 +0000] "POST /images/logo.png HTTP/1.1" 200 585 "-" "Mozilla/5.0 (Windows NT 10.0; Win64; x64) AppleWebKit/537.36"
185.220.101.45 - - [14/Jun/2024:05:52:26 +0000] "GET /static/css/main.css HTTP/1.1" 404 45319 "-" "Mozilla/5.0 (Macintosh; Intel Mac OS X 10_15_7) Safari/537.36"
134.214.243.147 - - [14/Jun/2024:11:32:22 +0000] "GET /api/v1/users HTTP/1.1" 301 35380 "-" "Mozilla/5.0 (Macintosh; Intel Mac OS X 10_15_7) Safari/537.36"
48.228.22.68 - - [14/Jun/2024:08:20:42 +0000] "GET /admin/dashboard HTTP/1.1" 304 23332 "-" "Mozilla/5.0 (Macintosh; Intel Mac OS X 10_15_7) Safari/537.36"
48.228.22.68 - - [14/Jun/2024:09:10:29 +0000] "POST /products HTTP/1.1" 404 34120 "-" "python-requests/2.28.0"
45.33.32.156 - - [14/Jun/2024:03:13:20 +0000] "GET /backup.zip HTTP/1.1" 404 1726 "-" "Nikto/2.1.6"
48.228.22.68 - - [14/Jun/2024:01:17:59 +0000] "GET /favicon.ico HTTP/1.1" 304 15629 "-" "python-requests/2.28.0"
89.210.135.99 - - [14/Jun/2024:17:36:34 +0000] "DELETE /static/css/main.css HTTP/1.1" 500 46321 "-" "curl/7.68.0"
198.98.54.31 - - [14/Jun/2024:11:59:10 +0000] "POST /logout HTTP/1.1" 200 45601 "-" "Mozilla/5.0 (Macintosh; Intel Mac OS X 10_15_7) Safari/537.36"
211.75.132.82 - - [14/Jun/2024:07:31:16 +0000] "GET /logout HTTP/1.1" 200 17763 "-" "Mozilla/5.0 (Macintosh; Intel Mac OS X 10_15_7) Safari/537.36"
122.153.40.102 - - [14/Jun/2024:00:07:13 +0000] "DELETE /admin/dashboard HTTP/1.1" 500 31592 "-" "Mozilla/5.0 (Windows NT 10.0; Win64; x64) AppleWebKit/537.36"
69.190.10.87 - - [14/Jun/2024:23:08:08 +0000] "GET /admin/dashboard HTTP/1.1" 500 35116 "-" "Mozilla/5.0 (Macintosh; Intel Mac OS X 10_15_7) Safari/537.36"
122.153.40.102 - - [14/Jun/2024:03:15:59 +0000] "DELETE /index.html HTTP/1.1" 500 9152 "-" "curl/7.68.0"
185.220.101.45 - - [14/Jun/2024:22:41:25 +0000] "PUT /products HTTP/1.1" 200 47460 "-" "curl/7.68.0"
50.64.21.109 - - [14/Jun/2024:21:18:09 +0000] "GET /profile HTTP/1.1" 301 9498 "-" "Mozilla/5.0 (Macintosh; Intel Mac OS X 10_15_7) Safari/537.36"
142.166.141.134 - - [14/Jun/2024:12:43:58 +0000] "POST /static/css/main.css HTTP/1.1" 200 28866 "-" "Mozilla/5.0 (Windows NT 10.0; Win64; x64) AppleWebKit/537.36"
183.17.75.31 - - [14/Jun/2024:07:17:04 +0000] "POST /products HTTP/1.1" 304 33775 "-" "python-requests/2.28.0"
211.75.132.82 - - [14/Jun/2024:13:47:14 +0000] "POST / HTTP/1.1" 500 11199 "-" "curl/7.68.0"
198.98.54.31 - - [14/Jun/2024:12:19:01 +0000] "PUT /favicon.ico HTTP/1.1" 404 40516 "-" "Mozilla/5.0 (Windows NT 10.0; Win64; x64) AppleWebKit/537.36"
45.33.32.156 - - [14/Jun/2024:03:12:14 +0000] "GET /phpinfo.php HTTP/1.1" 403 897 "-" "Nikto/2.1.6"
45.33.32.156 - - [14/Jun/2024:11:31:11 +0000] "POST /static/js/app.js HTTP/1.1" 200 35050 "-" "Mozilla/5.0 (Windows NT 10.0; Win64; x64) AppleWebKit/537.36"
85.121.25.191 - - [14/Jun/2024:12:39:04 +0000] "GET /contact HTTP/1.1" 304 12748 "-" "python-requests/2.28.0"
134.214.243.147 - - [14/Jun/2024:11:45:12 +0000] "POST /admin/dashboard HTTP/1.1" 200 49705 "-" "python-requests/2.28.0"
21.242.59.79 - - [14/Jun/2024:18:29:37 +0000] "POST /admin/dashboard HTTP/1.1" 404 7011 "-" "curl/7.68.0"
106.116.31.216 - - [14/Jun/2024:00:50:49 +0000] "POST /about HTTP/1.1" 301 1576 "-" "curl/7.68.0"
115.88.85.249 - - [14/Jun/2024:07:44:31 +0000] "POST / HTTP/1.1" 404 10278 "-" "curl/7.68.0"
121.250.135.24 - - [14/Jun/2024:11:11:35 +0000] "GET /about HTTP/1.1" 200 27840 "-" "Mozilla/5.0 (Windows NT 10.0; Win64; x64) AppleWebKit/537.36"
78.159.143.216 - - [14/Jun/2024:03:05:23 +0000] "DELETE /login HTTP/1.1" 404 12416 "-" "Mozilla/5.0 (Macintosh; Intel Mac OS X 10_15_7) Safari/537.36"
91.240.118.172 - - [14/Jun/2024:01:38:52 +0000] "POST /profile HTTP/1.1" 404 19506 "-" "curl/7.68.0"
115.88.85.249 - - [14/Jun/2024:07:50:57 +0000] "GET /favicon.ico HTTP/1.1" 200 7062 "-" "python-requests/2.28.0"
89.210.135.99 - - [14/Jun/2024:22:44:23 +0000] "GET /favicon.ico HTTP/1.1" 500 37892 "-" "Mozilla/5.0 (Windows NT 10.0; Win64; x64) AppleWebKit/537.36"
85.121.25.191 - - [14/Jun/2024:10:59:42 +0000] "PUT /products HTTP/1.1" 301 36653 "-" "python-requests/2.28.0"
78.159.143.216 - - [14/Jun/2024:12:34:12 +0000] "DELETE /api/v1/products HTTP/1.1" 500 12929 "-" "curl/7.68.0"
4.214.57.107 - - [14/Jun/2024:06:06:04 +0000] "GET /api/v1/products HTTP/1.1" 404 40128 "-" "python-requests/2.28.0"
100.94.189.227 - - [14/Jun/2024:00:58:26 +0000] "POST /static/css/main.css HTTP/1.1" 404 21427 "-" "Mozilla/5.0 (Macintosh; Intel Mac OS X 10_15_7) Safari/537.36"
185.220.101.45 - - [14/Jun/2024:20:54:15 +0000] "POST /about HTTP/1.1" 200 33535 "-" "Mozilla/5.0 (Windows NT 10.0; Win64; x64) AppleWebKit/537.36"
23.129.64.214 - - [14/Jun/2024:19:52:09 +0000] "DELETE /about HTTP/1.1" 200 44386 "-" "curl/7.68.0"
211.75.132.82 - - [14/Jun/2024:11:37:33 +0000] "PUT /about HTTP/1.1" 200 32925 "-" "Mozilla/5.0 (Macintosh; Intel Mac OS X 10_15_7) Safari/537.36"
193.32.162.55 - - [14/Jun/2024:05:32:08 +0000] "GET /api/data?filter=1 OR 1=1 HTTP/1.1" 200 929 "-" "sqlmap/1.7"
142.166.141.134 - - [14/Jun/2024:06:49:20 +0000] "GET /admin/dashboard HTTP/1.1" 500 49252 "-" "curl/7.68.0"
211.75.132.82 - - [14/Jun/2024:16:21:13 +0000] "GET /contact HTTP/1.1" 404 9081 "-" "Mozilla/5.0 (Macintosh; Intel Mac OS X 10_15_7) Safari/537.36"
50.64.21.109 - - [14/Jun/2024:10:26:33 +0000] "GET /about HTTP/1.1" 304 5037 "-" "curl/7.68.0"
68.115.137.145 - - [14/Jun/2024:12:02:12 +0000] "GET / HTTP/1.1" 404 5832 "-" "Mozilla/5.0 (Windows NT 10.0; Win64; x64) AppleWebKit/537.36"
183.17.75.31 - - [14/Jun/2024:22:22:21 +0000] "DELETE /api/v1/products HTTP/1.1" 301 28116 "-" "python-requests/2.28.0"
115.88.85.249 - - [14/Jun/2024:20:35:55 +0000] "GET /images/logo.png HTTP/1.1" 301 31144 "-" "Mozilla/5.0 (Macintosh; Intel Mac OS X 10_15_7) Safari/537.36"
100.94.189.227 - - [14/Jun/2024:19:56:10 +0000] "GET /static/js/app.js HTTP/1.1" 404 33831 "-" "Mozilla/5.0 (Macintosh; Intel Mac OS X 10_15_7) Safari/537.36"
211.75.132.82 - - [14/Jun/2024:21:44:23 +0000] "GET /about HTTP/1.1" 200 32810 "-" "python-requests/2.28.0"
147.242.19.45 - - [14/Jun/2024:17:54:38 +0000] "POST /products HTTP/1.1" 200 28209 "-" "curl/7.68.0"
100.94.189.227 - - [14/Jun/2024:12:17:29 +0000] "GET /logout HTTP/1.1" 200 2449 "-" "python-requests/2.28.0"
45.33.32.156 - - [14/Jun/2024:03:12:22 +0000] "GET /admin/login HTTP/1.1" 404 1643 "-" "Nikto/2.1.6"
183.17.75.31 - - [14/Jun/2024:08:33:53 +0000] "DELETE /static/css/main.css HTTP/1.1" 301 40974 "-" "curl/7.68.0"
76.245.102.25 - - [14/Jun/2024:19:15:39 +0000] "DELETE /index.html HTTP/1.1" 500 19916 "-" "Mozilla/5.0 (Windows NT 10.0; Win64; x64) AppleWebKit/537.36"
193.32.162.55 - - [14/Jun/2024:05:30:32 +0000] "GET /api/data?filter=1 OR 1=1 HTTP/1.1" 400 1432 "-" "sqlmap/1.7"
69.190.10.87 - - [14/Jun/2024:05:17:34 +0000] "GET /static/js/app.js HTTP/1.1" 304 39536 "-" "curl/7.68.0"
142.166.141.134 - - [14/Jun/2024:16:59:09 +0000] "GET /contact HTTP/1.1" 301 48141 "-" "curl/7.68.0"
179.50.116.35 - - [14/Jun/2024:22:00:23 +0000] "POST /static/css/main.css HTTP/1.1" 200 29779 "-" "python-requests/2.28.0"
121.250.135.24 - - [14/Jun/2024:15:04:49 +0000] "PUT /static/css/main.css HTTP/1.1" 200 9413 "-" "Mozilla/5.0 (Macintosh; Intel Mac OS X 10_15_7) Safari/537.36"
68.115.137.145 - - [14/Jun/2024:14:29:10 +0000] "PUT /about HTTP/1.1" 200 34454 "-" "python-requests/2.28.0"
4.214.57.107 - - [14/Jun/2024:01:27:10 +0000] "GET /index.html HTTP/1.1" 404 34168 "-" "curl/7.68.0"
50.64.21.109 - - [14/Jun/2024:01:07:19 +0000] "GET /logout HTTP/1.1" 200 8937 "-" "python-requests/2.28.0"
23.129.64.214 - - [14/Jun/2024:09:02:19 +0000] "GET /api/v1/products HTTP/1.1" 404 49072 "-" "curl/7.68.0"
48.228.22.68 - - [14/Jun/2024:15:33:01 +0000] "GET /images/logo.png HTTP/1.1" 200 42699 "-" "curl/7.68.0"
193.32.162.55 - - [14/Jun/2024:05:32:16 +0000] "GET /item?id=1 UNION SELECT null,table_name FROM information_schema.tables-- HTTP/1.1" 500 1783 "-" "sqlmap/1.7"
145.51.146.223 - - [14/Jun/2024:16:43:11 +0000] "GET / HTTP/1.1" 200 4800 "-" "Mozilla/5.0 (Windows NT 10.0; Win64; x64) AppleWebKit/537.36"
91.240.118.172 - - [14/Jun/2024:18:57:16 +0000] "PUT /about HTTP/1.1" 301 35591 "-" "python-requests/2.28.0"
45.33.32.156 - - [14/Jun/2024:03:12:54 +0000] "GET /etc/passwd HTTP/1.1" 404 1868 "-" "Nikto/2.1.6"
50.64.21.109 - - [14/Jun/2024:03:55:34 +0000] "GET /api/v1/users HTTP/1.1" 500 3567 "-" "curl/7.68.0"
185.220.101.45 - - [14/Jun/2024:15:00:59 +0000] "GET /static/js/app.js HTTP/1.1" 200 16806 "-" "Mozilla/5.0 (Macintosh; Intel Mac OS X 10_15_7) Safari/537.36"
185.220.101.45 - - [14/Jun/2024:06:43:39 +0000] "GET / HTTP/1.1" 200 9539 "-" "curl/7.68.0"
78.159.143.216 - - [14/Jun/2024:14:49:07 +0000] "GET /static/js/app.js HTTP/1.1" 404 5918 "-" "python-requests/2.28.0"
179.50.116.35 - - [14/Jun/2024:01:42:37 +0000] "POST /api/v1/products HTTP/1.1" 301 44901 "-" "curl/7.68.0"
134.214.243.147 - - [14/Jun/2024:16:14:10 +0000] "GET /favicon.ico HTTP/1.1" 200 16508 "-" "Mozilla/5.0 (Macintosh; Intel Mac OS X 10_15_7) Safari/537.36"
45.33.32.156 - - [14/Jun/2024:17:09:59 +0000] "POST /static/css/main.css HTTP/1.1" 200 13194 "-" "curl/7.68.0"
69.190.10.87 - - [14/Jun/2024:16:53:06 +0000] "GET /login HTTP/1.1" 200 41575 "-" "Mozilla/5.0 (Windows NT 10.0; Win64; x64) AppleWebKit/537.36"
23.129.64.214 - - [14/Jun/2024:19:26:19 +0000] "POST /images/logo.png HTTP/1.1" 200 34257 "-" "Mozilla/5.0 (Windows NT 10.0; Win64; x64) AppleWebKit/537.36"
185.220.101.45 - - [14/Jun/2024:10:52:01 +0000] "GET /login HTTP/1.1" 200 22038 "-" "curl/7.68.0"
85.121.25.191 - - [14/Jun/2024:17:21:00 +0000] "DELETE /index.html HTTP/1.1" 301 48797 "-" "curl/7.68.0"
185.220.101.45 - - [14/Jun/2024:21:36:12 +0000] "DELETE /logout HTTP/1.1" 500 35944 "-" "python-requests/2.28.0"
142.166.141.134 - - [14/Jun/2024:19:25:32 +0000] "GET /api/v1/products HTTP/1.1" 304 2948 "-" "python-requests/2.28.0"
211.75.132.82 - - [14/Jun/2024:20:39:09 +0000] "GET /api/v1/users HTTP/1.1" 404 19846 "-" "python-requests/2.28.0"
183.17.75.31 - - [14/Jun/2024:20:24:32 +0000] "POST /contact HTTP/1.1" 200 46854 "-" "python-requests/2.28.0"
4.214.57.107 - - [14/Jun/2024:11:24:39 +0000] "GET / HTTP/1.1" 301 17925 "-" "Mozilla/5.0 (Macintosh; Intel Mac OS X 10_15_7) Safari/537.36"
211.75.132.82 - - [14/Jun/2024:20:12:48 +0000] "GET /contact HTTP/1.1" 304 44924 "-" "curl/7.68.0"
68.115.137.145 - - [14/Jun/2024:09:31:54 +0000] "PUT /login HTTP/1.1" 200 24224 "-" "python-requests/2.28.0"
147.242.19.45 - - [14/Jun/2024:02:51:26 +0000] "GET /profile HTTP/1.1" 500 21914 "-" "curl/7.68.0"
185.220.101.45 - - [14/Jun/2024:20:31:26 +0000] "GET /static/js/app.js HTTP/1.1" 301 37889 "-" "Mozilla/5.0 (Macintosh; Intel Mac OS X 10_15_7) Safari/537.36"
193.32.162.55 - - [14/Jun/2024:05:31:28 +0000] "GET /item?id=1 UNION SELECT null,table_name FROM information_schema.tables-- HTTP/1.1" 400 714 "-" "sqlmap/1.7"
207.34.44.100 - - [14/Jun/2024:10:45:29 +0000] "GET /logout HTTP/1.1" 200 2955 "-" "Mozilla/5.0 (Windows NT 10.0; Win64; x64) AppleWebKit/537.36"
91.240.118.172 - - [14/Jun/2024:22:05:03 +0000] "GET /images/logo.png HTTP/1.1" 301 24996 "-" "python-requests/2.28.0"
115.88.85.249 - - [14/Jun/2024:01:22:26 +0000] "GET /about HTTP/1.1" 200 17366 "-" "curl/7.68.0"
183.17.75.31 - - [14/Jun/2024:08:05:09 +0000] "GET /images/logo.png HTTP/1.1" 301 9700 "-" "Mozilla/5.0 (Macintosh; Intel Mac OS X 10_15_7) Safari/537.36"
78.159.143.216 - - [14/Jun/2024:14:12:11 +0000] "GET /static/js/app.js HTTP/1.1" 404 23544 "-" "python-requests/2.28.0"
145.51.146.223 - - [14/Jun/2024:01:10:06 +0000] "PUT / HTTP/1.1" 200 8945 "-" "Mozilla/5.0 (Windows NT 10.0; Win64; x64) AppleWebKit/537.36"
147.242.19.45 - - [14/Jun/2024:08:22:34 +0000] "GET /api/v1/users HTTP/1.1" 200 6426 "-" "Mozilla/5.0 (Macintosh; Intel Mac OS X 10_15_7) Safari/537.36"
4.214.57.107 - - [14/Jun/2024:12:21:54 +0000] "DELETE /images/logo.png HTTP/1.1" 200 29758 "-" "curl/7.68.0"
115.88.85.249 - - [14/Jun/2024:01:29:06 +0000] "GET /favicon.ico HTTP/1.1" 304 31798 "-" "python-requests/2.28.0"
147.242.19.45 - - [14/Jun/2024:18:48:33 +0000] "PUT /images/logo.png HTTP/1.1" 404 44868 "-" "curl/7.68.0"
106.116.31.216 - - [14/Jun/2024:16:32:46 +0000] "PUT /images/logo.png HTTP/1.1" 304 39318 "-" "python-requests/2.28.0"
185.220.101.45 - - [14/Jun/2024:21:37:38 +0000] "POST /images/logo.png HTTP/1.1" 200 29588 "-" "python-requests/2.28.0"
45.33.32.156 - - [14/Jun/2024:03:13:04 +0000] "GET /robots.txt HTTP/1.1" 200 1637 "-" "Nikto/2.1.6"
122.153.40.102 - - [14/Jun/2024:15:52:34 +0000] "DELETE /images/logo.png HTTP/1.1" 500 4594 "-" "Mozilla/5.0 (Macintosh; Intel Mac OS X 10_15_7) Safari/537.36"
45.33.32.156 - - [14/Jun/2024:03:12:46 +0000] "GET /db.sql HTTP/1.1" 404 556 "-" "Nikto/2.1.6"
23.129.64.214 - - [14/Jun/2024:15:39:32 +0000] "GET /static/css/main.css HTTP/1.1" 500 49909 "-" "curl/7.68.0"
198.98.54.31 - - [14/Jun/2024:00:00:12 +0000] "GET /api/v1/users HTTP/1.1" 200 30749 "-" "Mozilla/5.0 (Windows NT 10.0; Win64; x64) AppleWebKit/537.36"
4.214.57.107 - - [14/Jun/2024:15:48:19 +0000] "POST /index.html HTTP/1.1" 200 33642 "-" "curl/7.68.0"
121.250.135.24 - - [14/Jun/2024:09:10:36 +0000] "PUT /products HTTP/1.1" 200 16839 "-" "Mozilla/5.0 (Windows NT 10.0; Win64; x64) AppleWebKit/537.36"
207.34.44.100 - - [14/Jun/2024:18:22:59 +0000] "GET /index.html HTTP/1.1" 500 37888 "-" "Mozilla/5.0 (Windows NT 10.0; Win64; x64) AppleWebKit/537.36"
89.210.135.99 - - [14/Jun/2024:15:44:30 +0000] "GET /profile HTTP/1.1" 404 39551 "-" "Mozilla/5.0 (Macintosh; Intel Mac OS X 10_15_7) Safari/537.36"
185.220.101.45 - - [14/Jun/2024:12:56:30 +0000] "PUT /index.html HTTP/1.1" 500 32993 "-" "Mozilla/5.0 (Windows NT 10.0; Win64; x64) AppleWebKit/537.36"
76.245.102.25 - - [14/Jun/2024:03:55:31 +0000] "DELETE /logout HTTP/1.1" 304 3884 "-" "python-requests/2.28.0"
4.214.57.107 - - [14/Jun/2024:10:05:56 +0000] "GET /admin/dashboard HTTP/1.1" 200 46347 "-" "Mozilla/5.0 (Windows NT 10.0; Win64; x64) AppleWebKit/537.36"
23.129.64.214 - - [14/Jun/2024:05:01:42 +0000] "DELETE /favicon.ico HTTP/1.1" 304 8863 "-" "python-requests/2.28.0"
185.220.101.45 - - [14/Jun/2024:20:04:58 +0000] "PUT /profile HTTP/1.1" 304 30939 "-" "Mozilla/5.0 (Macintosh; Intel Mac OS X 10_15_7) Safari/537.36"
185.220.101.45 - - [14/Jun/2024:02:02:25 +0000] "POST /index.html HTTP/1.1" 304 30811 "-" "Mozilla/5.0 (Macintosh; Intel Mac OS X 10_15_7) Safari/537.36"
207.34.44.100 - - [14/Jun/2024:06:54:34 +0000] "GET /logout HTTP/1.1" 200 21212 "-" "python-requests/2.28.0"
37.205.19.102 - - [14/Jun/2024:15:07:54 +0000] "POST /products HTTP/1.1" 200 47710 "-" "python-requests/2.28.0"
122.153.40.102 - - [14/Jun/2024:13:13:58 +0000] "GET /favicon.ico HTTP/1.1" 404 21648 "-" "curl/7.68.0"
45.33.32.156 - - [14/Jun/2024:03:12:18 +0000] "GET /etc/passwd HTTP/1.1" 404 321 "-" "Nikto/2.1.6"
